Archive member included to satisfy reference by file (symbol)

.pio/build/mik32v2/lib3e7/libgrbl.a(coolant_control.o)
                              .pio/build/mik32v2/src/main.o (coolant_init())
.pio/build/mik32v2/lib3e7/libgrbl.a(eeprom.o)
                              .pio/build/mik32v2/src/main.o (eeprom_init())
.pio/build/mik32v2/lib3e7/libgrbl.a(gcode.o)
                              .pio/build/mik32v2/src/main.o (gc_init())
.pio/build/mik32v2/lib3e7/libgrbl.a(jog.o)
                              .pio/build/mik32v2/lib3e7/libgrbl.a(gcode.o) (jog_execute(plan_line_data_t*, parser_block_t*))
.pio/build/mik32v2/lib3e7/libgrbl.a(limits.o)
                              .pio/build/mik32v2/src/main.o (limits_init())
.pio/build/mik32v2/lib3e7/libgrbl.a(motion_control.o)
                              .pio/build/mik32v2/lib3e7/libgrbl.a(gcode.o) (mc_line(float*, plan_line_data_t*))
.pio/build/mik32v2/lib3e7/libgrbl.a(nuts_bolts.o)
                              .pio/build/mik32v2/lib3e7/libgrbl.a(limits.o) (ClearGPIOInterruptLines(unsigned char))
.pio/build/mik32v2/lib3e7/libgrbl.a(planner.o)
                              .pio/build/mik32v2/src/main.o (plan_reset())
.pio/build/mik32v2/lib3e7/libgrbl.a(probe.o)
                              .pio/build/mik32v2/src/main.o (probe_init())
.pio/build/mik32v2/lib3e7/libgrbl.a(protocol.o)
                              .pio/build/mik32v2/lib3e7/libgrbl.a(motion_control.o) (protocol_auto_cycle_start())
.pio/build/mik32v2/lib3e7/libgrbl.a(report.o)
                              .pio/build/mik32v2/lib3e7/libgrbl.a(gcode.o) (report_status_message(unsigned char, unsigned char))
.pio/build/mik32v2/lib3e7/libgrbl.a(serial.o)
                              .pio/build/mik32v2/lib3e7/libgrbl.a(report.o) (serial_get_rx_buffer_available(unsigned char))
.pio/build/mik32v2/lib3e7/libgrbl.a(settings.o)
                              .pio/build/mik32v2/lib3e7/libgrbl.a(gcode.o) (settings_write_coord_data(unsigned char, float*))
.pio/build/mik32v2/lib3e7/libgrbl.a(spindle_control.o)
                              .pio/build/mik32v2/lib3e7/libgrbl.a(report.o) (spindle_get_state())
.pio/build/mik32v2/lib3e7/libgrbl.a(stepper.o)
                              .pio/build/mik32v2/lib3e7/libgrbl.a(jog.o) (st_wake_up())
.pio/build/mik32v2/lib3e7/libgrbl.a(system.o)
                              .pio/build/mik32v2/src/main.o (system_init())
.pio/build/mik32v2/lib3e7/libgrbl.a(print.o)
                              .pio/build/mik32v2/lib3e7/libgrbl.a(report.o) (printString(char const*))
.pio/build/mik32v2/libruntime.a(crt0.o)
                              (_start)
.pio/build/mik32v2/libs.a(uart_lib.o)
                              .pio/build/mik32v2/lib3e7/libgrbl.a(serial.o) (UART_Init)
.pio/build/mik32v2/libs.a(xprintf.o)
                              .pio/build/mik32v2/lib3e7/libgrbl.a(print.o) (xprintf)
.pio/build/mik32v2/libhal_peripherals.a(mik32_hal.o)
                              .pio/build/mik32v2/lib3e7/libgrbl.a(nuts_bolts.o) (HAL_DelayMs)
.pio/build/mik32v2/libhal_peripherals.a(mik32_hal_eeprom.o)
                              .pio/build/mik32v2/lib3e7/libgrbl.a(eeprom.o) (HAL_EEPROM_Write)
.pio/build/mik32v2/libhal_peripherals.a(mik32_hal_gpio.o)
                              .pio/build/mik32v2/lib3e7/libgrbl.a(coolant_control.o) (HAL_GPIO_Init)
.pio/build/mik32v2/libhal_peripherals.a(mik32_hal_irq.o)
                              .pio/build/mik32v2/lib3e7/libgrbl.a(serial.o) (HAL_IRQ_EnableInterrupts)
.pio/build/mik32v2/libhal_peripherals.a(mik32_hal_pcc.o)
                              .pio/build/mik32v2/libhal_peripherals.a(mik32_hal.o) (HAL_PCC_GetSysClockFreq)
.pio/build/mik32v2/libhal_peripherals.a(mik32_hal_timer16.o)
                              .pio/build/mik32v2/lib3e7/libgrbl.a(stepper.o) (HAL_Timer16_Init)
/home/vitasan/.platformio/packages/toolchain-riscv/bin/../lib/gcc/riscv-none-elf/13.2.0/../../../../riscv-none-elf/lib/rv32imc/ilp32/libm.a(libm_a-w_sqrt.o)
                              .pio/build/mik32v2/lib3e7/libgrbl.a(limits.o) (sqrt)
/home/vitasan/.platformio/packages/toolchain-riscv/bin/../lib/gcc/riscv-none-elf/13.2.0/../../../../riscv-none-elf/lib/rv32imc/ilp32/libm.a(libm_a-wf_atan2.o)
                              .pio/build/mik32v2/lib3e7/libgrbl.a(motion_control.o) (atan2f)
/home/vitasan/.platformio/packages/toolchain-riscv/bin/../lib/gcc/riscv-none-elf/13.2.0/../../../../riscv-none-elf/lib/rv32imc/ilp32/libm.a(libm_a-wf_sqrt.o)
                              .pio/build/mik32v2/lib3e7/libgrbl.a(gcode.o) (sqrtf)
/home/vitasan/.platformio/packages/toolchain-riscv/bin/../lib/gcc/riscv-none-elf/13.2.0/../../../../riscv-none-elf/lib/rv32imc/ilp32/libm.a(libm_a-sf_ceil.o)
                              .pio/build/mik32v2/lib3e7/libgrbl.a(nuts_bolts.o) (ceilf)
/home/vitasan/.platformio/packages/toolchain-riscv/bin/../lib/gcc/riscv-none-elf/13.2.0/../../../../riscv-none-elf/lib/rv32imc/ilp32/libm.a(libm_a-sf_cos.o)
[...]
Memory Configuration

Name             Origin             Length             Attributes
spifi            0x80000000         0x80000000         xr
ram              0x02000000         0x00004000         xrw
*default*        0x00000000         0xffffffff

Linker script and memory map

LOAD .pio/build/mik32v2/src/main.o
START GROUP
LOAD .pio/build/mik32v2/lib3e7/libgrbl.a
LOAD .pio/build/mik32v2/libruntime.a
LOAD .pio/build/mik32v2/libs.a
LOAD .pio/build/mik32v2/libhal_core.a
LOAD .pio/build/mik32v2/libhal_peripherals.a
LOAD .pio/build/mik32v2/libhal_utilities.a
END GROUP
LOAD /home/vitasan/.platformio/packages/toolchain-riscv/bin/../lib/gcc/riscv-none-elf/13.2.0/../../../../riscv-none-elf/lib/rv32imc/ilp32/libstdc++.a
LOAD /home/vitasan/.platformio/packages/toolchain-riscv/bin/../lib/gcc/riscv-none-elf/13.2.0/../../../../riscv-none-elf/lib/rv32imc/ilp32/libm.a
LOAD /home/vitasan/.platformio/packages/toolchain-riscv/bin/../lib/gcc/riscv-none-elf/13.2.0/../../../../riscv-none-elf/lib/rv32imc/ilp32/libc.a
LOAD /home/vitasan/.platformio/packages/toolchain-riscv/bin/../lib/gcc/riscv-none-elf/13.2.0/rv32imc/ilp32/libgcc.a
START GROUP
LOAD /home/vitasan/.platformio/packages/toolchain-riscv/bin/../lib/gcc/riscv-none-elf/13.2.0/../../../../riscv-none-elf/lib/rv32imc/ilp32/libc.a
LOAD /home/vitasan/.platformio/packages/toolchain-riscv/bin/../lib/gcc/riscv-none-elf/13.2.0/../../../../riscv-none-elf/lib/rv32imc/ilp32/libgloss.a
END GROUP
LOAD /home/vitasan/.platformio/packages/toolchain-riscv/bin/../lib/gcc/riscv-none-elf/13.2.0/rv32imc/ilp32/libgcc.a
                0x00000400                        __stack_size = DEFINED (__stack_size)?__stack_size:0x400
                0x00000004                        SECTION_ALIGNMENT = 0x4

.startup        0x80000000       0xb8
 *crt0.o(.text .text.*)
 .text          0x80000000       0xb8 .pio/build/mik32v2/libruntime.a(crt0.o)
                0x80000000                _start
                0x800000b6                SmallSystemInit
                0x800000b6                SystemInit

.ram_text       0x02000000      0x1f0 load address 0x800000b8
                0x02000000                        PROVIDE (__RAM_TEXT_START__ = .)
 *(.small_ram_text)
                0x020000c0                        . = (ORIGIN (REGION_RAM) + 0xc0)
 *fill*         0x02000000       0xc0 
                0x020000c0                        PROVIDE (__TRAP_TEXT_START__ = .)
 *crt0.o(.trap_text)
 .trap_text     0x020000c0       0x98 .pio/build/mik32v2/libruntime.a(crt0.o)
                0x020000c0                trap_entry
                0x020000c4                raw_trap_handler
 *(.trap_text)
 *(.ram_text)
 .ram_text      0x02000158       0x98 .pio/build/mik32v2/libhal_peripherals.a(mik32_hal.o)
                0x02000158                HAL_ProgramDelayMs
                0x020001a6                HAL_ProgramDelayUs
                0x020001f0                        . = ALIGN (0x4)
                [!provide]                        PROVIDE (__RAM_TEXT_END__ = .)
                0x800000b8                        __RAM_TEXT_IMAGE_START__ = LOADADDR (.ram_text)
                0x800002a8                        __RAM_TEXT_IMAGE_END__ = (LOADADDR (.ram_text) + SIZEOF (.ram_text))
                0x00000001                        ASSERT ((__RAM_TEXT_IMAGE_END__ < (ORIGIN (REGION_TEXT) + LENGTH (REGION_TEXT))), REGION_TEXT segment overflows)

.text           0x800002a8     0x98b4
                [!provide]                        PROVIDE (__TEXT_START__ = .)
 *(.text.SmallSystemInit)
 *(.text)
 .text          0x800002a8       0xa8 /home/vitasan/.platformio/packages/toolchain-riscv/bin/../lib/gcc/riscv-none-elf/13.2.0/../../../../riscv-none-elf/lib/rv32imc/ilp32/libc.a(libc_a-memset.o)
                0x800002a8                memset
 *(.text.*)
 .text._Z5setupv
                0x80000350       0x3c .pio/build/mik32v2/src/main.o
                0x80000350                setup()
 .text.trap_handler
                0x8000038c      0x118 .pio/build/mik32v2/src/main.o
                0x8000038c                trap_handler
 .text.startup.main
                0x800004a4       0xa6 .pio/build/mik32v2/src/main.o
                0x800004a4                main
 .text._Z17coolant_get_statev
                0x8000054a       0x20 .pio/build/mik32v2/lib3e7/libgrbl.a(coolant_control.o)
                0x8000054a                coolant_get_state()
 .text._Z12coolant_stopv
                0x8000056a       0x10 .pio/build/mik32v2/lib3e7/libgrbl.a(coolant_control.o)
                0x8000056a                coolant_stop()
 .text._Z12coolant_initv
                0x8000057a       0x26 .pio/build/mik32v2/lib3e7/libgrbl.a(coolant_control.o)
                0x8000057a                coolant_init()
 .text._Z17coolant_set_stateh
                0x800005a0       0x3a .pio/build/mik32v2/lib3e7/libgrbl.a(coolant_control.o)
                0x800005a0                coolant_set_state(unsigned char)
 .text._Z12coolant_synch
                0x800005da       0x22 .pio/build/mik32v2/lib3e7/libgrbl.a(coolant_control.o)
                0x800005da                coolant_sync(unsigned char)
 .text._Z11eeprom_initv
                0x800005fc       0x46 .pio/build/mik32v2/lib3e7/libgrbl.a(eeprom.o)
                0x800005fc                eeprom_init()
 .text._Z22eeprom_erase_from_pagehh
                0x80000642        0x4 .pio/build/mik32v2/lib3e7/libgrbl.a(eeprom.o)
                0x80000642                eeprom_erase_from_page(unsigned char, unsigned char)
 .text._Z30memcpy_to_eeprom_with_checksumjjPcjj
                0x80000646        0x2 .pio/build/mik32v2/lib3e7/libgrbl.a(eeprom.o)
                0x80000646                memcpy_to_eeprom_with_checksum(unsigned int, unsigned int, char*, unsigned int, unsigned int)
 .text._Z32memcpy_from_eeprom_with_checksumPcjjjj
                0x80000648        0x4 .pio/build/mik32v2/lib3e7/libgrbl.a(eeprom.o)
                0x80000648                memcpy_from_eeprom_with_checksum(char*, unsigned int, unsigned int, unsigned int, unsigned int)
 .text._Z7gc_initv
                0x8000064c       0x3a .pio/build/mik32v2/lib3e7/libgrbl.a(gcode.o)
                0x8000064c                gc_init()
 .text._Z16gc_sync_positionv
                0x80000686        0xc .pio/build/mik32v2/lib3e7/libgrbl.a(gcode.o)
                0x80000686                gc_sync_position()
 .text._Z15gc_execute_linePch
                0x80000692      0xe72 .pio/build/mik32v2/lib3e7/libgrbl.a(gcode.o)
                0x80000692                gc_execute_line(char*, unsigned char)
 .text._Z11jog_executeP16plan_line_data_tP14parser_block_t
                0x80001504       0x68 .pio/build/mik32v2/lib3e7/libgrbl.a(jog.o)
                0x80001504                jog_execute(plan_line_data_t*, parser_block_t*)
 .text._Z11limits_initv
                0x8000156c       0x56 .pio/build/mik32v2/lib3e7/libgrbl.a(limits.o)
                0x8000156c                limits_init()
 .text._Z16limits_get_statev
                0x800015c2       0x4c .pio/build/mik32v2/lib3e7/libgrbl.a(limits.o)
                0x800015c2                limits_get_state()
 .text._Z14pin_limit_vectv
                0x8000160e       0x58 .pio/build/mik32v2/lib3e7/libgrbl.a(limits.o)
                0x8000160e                pin_limit_vect()
 .text._Z17limits_soft_checkPf
                0x80001666       0x54 .pio/build/mik32v2/lib3e7/libgrbl.a(limits.o)
                0x80001666                limits_soft_check(float*)
 .text._Z7mc_linePfP16plan_line_data_t
                0x800016ba       0x94 .pio/build/mik32v2/lib3e7/libgrbl.a(motion_control.o)
                0x800016ba                mc_line(float*, plan_line_data_t*)
 .text._Z6mc_arcPfP16plan_line_data_tS_S_fhhhh
                0x8000174e      0x312 .pio/build/mik32v2/lib3e7/libgrbl.a(motion_control.o)
                0x8000174e                mc_arc(float*, plan_line_data_t*, float*, float*, float, unsigned char, unsigned char, unsigned char, unsigned char)
 .text._Z8mc_dwellf
                0x80001a60       0x24 .pio/build/mik32v2/lib3e7/libgrbl.a(motion_control.o)
                0x80001a60                mc_dwell(float)
 .text._Z14mc_probe_cyclePfP16plan_line_data_th
                0x80001a84       0xe6 .pio/build/mik32v2/lib3e7/libgrbl.a(motion_control.o)
                0x80001a84                mc_probe_cycle(float*, plan_line_data_t*, unsigned char)
 .text._Z8mc_resetv
                0x80001b6a       0x56 .pio/build/mik32v2/lib3e7/libgrbl.a(motion_control.o)
                0x80001b6a                mc_reset()
 .text._Z12PinInitInput17__HAL_PinsTypeDefP12GPIO_TypeDef22__HAL_GPIO_PullTypeDef
                0x80001bc0       0x1e .pio/build/mik32v2/lib3e7/libgrbl.a(nuts_bolts.o)
                0x80001bc0                PinInitInput(__HAL_PinsTypeDef, GPIO_TypeDef*, __HAL_GPIO_PullTypeDef)
 .text._Z23ClearGPIOInterruptLinesh
                0x80001bde        0xc .pio/build/mik32v2/lib3e7/libgrbl.a(nuts_bolts.o)
                0x80001bde                ClearGPIOInterruptLines(unsigned char)
 .text._Z13PinInitOutput17__HAL_PinsTypeDefP12GPIO_TypeDef
                0x80001bea       0x1c .pio/build/mik32v2/lib3e7/libgrbl.a(nuts_bolts.o)
                0x80001bea                PinInitOutput(__HAL_PinsTypeDef, GPIO_TypeDef*)
 .text._Z15PinInitInputIRQ17__HAL_PinsTypeDefP12GPIO_TypeDef22__HAL_GPIO_PullTypeDef22__HAL_GPIO_Line_Config
                0x80001c06       0x2e .pio/build/mik32v2/lib3e7/libgrbl.a(nuts_bolts.o)
                0x80001c06                PinInitInputIRQ(__HAL_PinsTypeDef, GPIO_TypeDef*, __HAL_GPIO_PullTypeDef, __HAL_GPIO_Line_Config)
 .text._Z5delayh
                0x80001c34        0x4 .pio/build/mik32v2/lib3e7/libgrbl.a(nuts_bolts.o)
                0x80001c34                delay(unsigned char)
 .text._Z10read_floatPcPhPf
                0x80001c38      0x134 .pio/build/mik32v2/lib3e7/libgrbl.a(nuts_bolts.o)
                0x80001c38                read_float(char*, unsigned char*, float*)
 .text._Z9delay_secfh
                0x80001d6c       0x5e .pio/build/mik32v2/lib3e7/libgrbl.a(nuts_bolts.o)
                0x80001d6c                delay_sec(float, unsigned char)
 .text._Z8delay_mst
                0x80001dca        0x4 .pio/build/mik32v2/lib3e7/libgrbl.a(nuts_bolts.o)
                0x80001dca                delay_ms(unsigned short)
 .text._Z7hypot_fff
                0x80001dce       0x2e .pio/build/mik32v2/lib3e7/libgrbl.a(nuts_bolts.o)
                0x80001dce                hypot_f(float, float)
 .text._Z35convert_delta_vector_to_unit_vectorPf
                0x80001dfc       0x7a .pio/build/mik32v2/lib3e7/libgrbl.a(nuts_bolts.o)
                0x80001dfc                convert_delta_vector_to_unit_vector(float*)
 .text._Z27limit_value_by_axis_maximumPfS_
                0x80001e76       0x84 .pio/build/mik32v2/lib3e7/libgrbl.a(nuts_bolts.o)
                0x80001e76                limit_value_by_axis_maximum(float*, float*)
 .text._Z23HAL_USART_RXNE_ReadFlagP12UART_TypeDef
                0x80001efa        0xc .pio/build/mik32v2/lib3e7/libgrbl.a(nuts_bolts.o)
                0x80001efa                HAL_USART_RXNE_ReadFlag(UART_TypeDef*)
 .text._Z24HAL_USART_RXNE_ClearFlagP12UART_TypeDef
                0x80001f06        0xa .pio/build/mik32v2/lib3e7/libgrbl.a(nuts_bolts.o)
                0x80001f06                HAL_USART_RXNE_ClearFlag(UART_TypeDef*)
 .text._ZL19planner_recalculatev
                0x80001f10      0x1c8 .pio/build/mik32v2/lib3e7/libgrbl.a(planner.o)
 .text._Z17plan_reset_bufferv
                0x800020d8       0x14 .pio/build/mik32v2/lib3e7/libgrbl.a(planner.o)
                0x800020d8                plan_reset_buffer()
 .text._Z10plan_resetv
                0x800020ec       0x18 .pio/build/mik32v2/lib3e7/libgrbl.a(planner.o)
                0x800020ec                plan_reset()
 .text._Z26plan_discard_current_blockv
                0x80002104       0x2e .pio/build/mik32v2/lib3e7/libgrbl.a(planner.o)
                0x80002104                plan_discard_current_block()
 .text._Z28plan_get_system_motion_blockv
                0x80002132       0x14 .pio/build/mik32v2/lib3e7/libgrbl.a(planner.o)
                0x80002132                plan_get_system_motion_block()
 .text._Z22plan_get_current_blockv
                0x80002146       0x1e .pio/build/mik32v2/lib3e7/libgrbl.a(planner.o)
                0x80002146                plan_get_current_block()
 .text._Z34plan_get_exec_block_exit_speed_sqrv
                0x80002164       0x30 .pio/build/mik32v2/lib3e7/libgrbl.a(planner.o)
                0x80002164                plan_get_exec_block_exit_speed_sqr()
 .text._Z22plan_check_full_bufferv
                0x80002194       0x10 .pio/build/mik32v2/lib3e7/libgrbl.a(planner.o)
                0x80002194                plan_check_full_buffer()
 .text._Z34plan_compute_profile_nominal_speedP12plan_block_t
                0x800021a4       0x7c .pio/build/mik32v2/lib3e7/libgrbl.a(planner.o)
                0x800021a4                plan_compute_profile_nominal_speed(plan_block_t*)
 .text._Z39plan_update_velocity_profile_parametersv
                0x80002220       0x9a .pio/build/mik32v2/lib3e7/libgrbl.a(planner.o)
                0x80002220                plan_update_velocity_profile_parameters()
 .text._Z16plan_buffer_linePfP16plan_line_data_t
                0x800022ba      0x310 .pio/build/mik32v2/lib3e7/libgrbl.a(planner.o)
                0x800022ba                plan_buffer_line(float*, plan_line_data_t*)
 .text._Z18plan_sync_positionv
                0x800025ca       0x1a .pio/build/mik32v2/lib3e7/libgrbl.a(planner.o)
                0x800025ca                plan_sync_position()
 .text._Z31plan_get_block_buffer_availablev
                0x800025e4       0x1a .pio/build/mik32v2/lib3e7/libgrbl.a(planner.o)
                0x800025e4                plan_get_block_buffer_available()
 .text._Z23plan_cycle_reinitializev
                0x800025fe       0x18 .pio/build/mik32v2/lib3e7/libgrbl.a(planner.o)
                0x800025fe                plan_cycle_reinitialize()
 .text._Z10probe_initv
                0x80002616       0x1c .pio/build/mik32v2/lib3e7/libgrbl.a(probe.o)
                0x80002616                probe_init()
 .text._Z27probe_configure_invert_maskh
                0x80002632        0x6 .pio/build/mik32v2/lib3e7/libgrbl.a(probe.o)
                0x80002632                probe_configure_invert_mask(unsigned char)
 .text._Z15probe_get_statev
                0x80002638       0x1a .pio/build/mik32v2/lib3e7/libgrbl.a(probe.o)
                0x80002638                probe_get_state()
 .text._Z25protocol_auto_cycle_startv
                0x80002652       0x1a .pio/build/mik32v2/lib3e7/libgrbl.a(protocol.o)
                0x80002652                protocol_auto_cycle_start()
 .text._Z23protocol_exec_rt_systemv
                0x8000266c      0x496 .pio/build/mik32v2/lib3e7/libgrbl.a(protocol.o)
                0x8000266c                protocol_exec_rt_system()
 .text._Z25protocol_execute_realtimev
                0x80002b02      0x22a .pio/build/mik32v2/lib3e7/libgrbl.a(protocol.o)
                0x80002b02                protocol_execute_realtime()
 .text._Z18protocol_main_loopPcPh
                0x80002d2c       0xae .pio/build/mik32v2/lib3e7/libgrbl.a(protocol.o)
                0x80002d2c                protocol_main_loop(char*, unsigned char*)
 .text._Z27protocol_buffer_synchronizev
                0x80002dda       0x3a .pio/build/mik32v2/lib3e7/libgrbl.a(protocol.o)
                0x80002dda                protocol_buffer_synchronize()
 .text._ZL10grbl_xputcc
                0x80002e14       0x14 .pio/build/mik32v2/lib3e7/libgrbl.a(report.o)
 .text._ZL13grbl_xvprintfPKcPv
                0x80002e28      0x29a .pio/build/mik32v2/lib3e7/libgrbl.a(report.o)
 .text._ZL23report_util_axis_valuesPfPc.isra.0
                0x800030c2       0x6a .pio/build/mik32v2/lib3e7/libgrbl.a(report.o)
 .text._Z9grbl_sendhPKc
                0x8000312c       0x18 .pio/build/mik32v2/lib3e7/libgrbl.a(report.o)
                0x8000312c                grbl_send(unsigned char, char const*)
 .text._Z10grbl_sendfhPKcz
                0x80003144       0x66 .pio/build/mik32v2/lib3e7/libgrbl.a(report.o)
                0x80003144                grbl_sendf(unsigned char, char const*, ...)
 .text._Z14grbl_msg_sendfhhPKcz
                0x800031aa       0x66 .pio/build/mik32v2/lib3e7/libgrbl.a(report.o)
                0x800031aa                grbl_msg_sendf(unsigned char, unsigned char, char const*, ...)
 .text._Z21report_status_messagehh
                0x80003210       0x1e .pio/build/mik32v2/lib3e7/libgrbl.a(report.o)
                0x80003210                report_status_message(unsigned char, unsigned char)
 .text._Z20report_alarm_messageh
                0x8000322e       0x22 .pio/build/mik32v2/lib3e7/libgrbl.a(report.o)
                0x8000322e                report_alarm_message(unsigned char)
 .text._Z23report_feedback_messageh
                0x80003250       0x92 .pio/build/mik32v2/lib3e7/libgrbl.a(report.o)
                0x80003250                report_feedback_message(unsigned char)
 .text._Z19report_init_messageh
                0x800032e2        0xc .pio/build/mik32v2/lib3e7/libgrbl.a(report.o)
                0x800032e2                report_init_message(unsigned char)
 .text._Z20report_grbl_settingsh
                0x800032ee      0x2e0 .pio/build/mik32v2/lib3e7/libgrbl.a(report.o)
                0x800032ee                report_grbl_settings(unsigned char)
 .text._Z23report_probe_parametersh
                0x800035ce       0x58 .pio/build/mik32v2/lib3e7/libgrbl.a(report.o)
                0x800035ce                report_probe_parameters(unsigned char)
 .text._Z30report_execute_startup_messagePchh
                0x80003626       0x2c .pio/build/mik32v2/lib3e7/libgrbl.a(report.o)
                0x80003626                report_execute_startup_message(char*, unsigned char, unsigned char)
 .text._Z22report_realtime_statush
                0x80003652      0x462 .pio/build/mik32v2/lib3e7/libgrbl.a(report.o)
                0x80003652                report_realtime_status(unsigned char)
 .text._Z30serial_get_rx_buffer_availableh
                0x80003ab4       0x34 .pio/build/mik32v2/lib3e7/libgrbl.a(serial.o)
                0x80003ab4                serial_get_rx_buffer_available(unsigned char)
 .text._Z11serial_initv
                0x80003ae8       0x24 .pio/build/mik32v2/lib3e7/libgrbl.a(serial.o)
                0x80003ae8                serial_init()
 .text._Z12serial_writeh
                0x80003b0c       0x22 .pio/build/mik32v2/lib3e7/libgrbl.a(serial.o)
                0x80003b0c                serial_write(unsigned char)
 .text._Z11serial_readh
                0x80003b2e        0xc .pio/build/mik32v2/lib3e7/libgrbl.a(serial.o)
                0x80003b2e                serial_read(unsigned char)
 .text._Z24serial_reset_read_bufferh
                0x80003b3a       0x18 .pio/build/mik32v2/lib3e7/libgrbl.a(serial.o)
                0x80003b3a                serial_reset_read_buffer(unsigned char)
 .text._Z27settings_store_startup_linehPc
                0x80003b52       0x2a .pio/build/mik32v2/lib3e7/libgrbl.a(settings.o)
                0x80003b52                settings_store_startup_line(unsigned char, char*)
 .text._Z25settings_write_coord_datahPf
                0x80003b7c       0x26 .pio/build/mik32v2/lib3e7/libgrbl.a(settings.o)
                0x80003b7c                settings_write_coord_data(unsigned char, float*)
 .text._Z21write_global_settingsv
                0x80003ba2       0x12 .pio/build/mik32v2/lib3e7/libgrbl.a(settings.o)
                0x80003ba2                write_global_settings()
 .text._Z16settings_restoreh
                0x80003bb4       0xec .pio/build/mik32v2/lib3e7/libgrbl.a(settings.o)
                0x80003bb4                settings_restore(unsigned char)
 .text._Z26settings_read_startup_linehPc
                0x80003ca0       0x40 .pio/build/mik32v2/lib3e7/libgrbl.a(settings.o)
                0x80003ca0                settings_read_startup_line(unsigned char, char*)
 .text._Z24settings_read_coord_datahPf
                0x80003ce0       0x42 .pio/build/mik32v2/lib3e7/libgrbl.a(settings.o)
                0x80003ce0                settings_read_coord_data(unsigned char, float*)
 .text._Z20read_global_settingsv
                0x80003d22       0x1e .pio/build/mik32v2/lib3e7/libgrbl.a(settings.o)
                0x80003d22                read_global_settings()
 .text._Z13settings_initv
                0x80003d40       0x2a .pio/build/mik32v2/lib3e7/libgrbl.a(settings.o)
                0x80003d40                settings_init()
 .text._Z22get_direction_pin_maskh
                0x80003d6a       0x10 .pio/build/mik32v2/lib3e7/libgrbl.a(settings.o)
                0x80003d6a                get_direction_pin_mask(unsigned char)
 .text._Z17spindle_get_statev
                0x80003d7a       0x38 .pio/build/mik32v2/lib3e7/libgrbl.a(spindle_control.o)
                0x80003d7a                spindle_get_state()
 .text._Z12spindle_stopv
                0x80003db2       0x10 .pio/build/mik32v2/lib3e7/libgrbl.a(spindle_control.o)
                0x80003db2                spindle_stop()
 .text._Z12spindle_initv
                0x80003dc2       0x54 .pio/build/mik32v2/lib3e7/libgrbl.a(spindle_control.o)
                0x80003dc2                spindle_init()
 .text._Z25spindle_compute_pwm_valuef
                0x80003e16       0xc8 .pio/build/mik32v2/lib3e7/libgrbl.a(spindle_control.o)
                0x80003e16                spindle_compute_pwm_value(float)
 .text._Z17spindle_set_statehf
                0x80003ede       0x6c .pio/build/mik32v2/lib3e7/libgrbl.a(spindle_control.o)
                0x80003ede                spindle_set_state(unsigned char, float)
 .text._Z12spindle_synchf
                0x80003f4a       0x28 .pio/build/mik32v2/lib3e7/libgrbl.a(spindle_control.o)
                0x80003f4a                spindle_sync(unsigned char, float)
 .text._Z10st_wake_upv
                0x80003f72        0x2 .pio/build/mik32v2/lib3e7/libgrbl.a(stepper.o)
                0x80003f72                st_wake_up()
 .text._Z10st_go_idlev
                0x80003f74        0x2 .pio/build/mik32v2/lib3e7/libgrbl.a(stepper.o)
                0x80003f74                st_go_idle()
 .text._Z8st_resetv
                0x80003f76        0x2 .pio/build/mik32v2/lib3e7/libgrbl.a(stepper.o)
                0x80003f76                st_reset()
 .text._Z12stepper_initv
                0x80003f78       0x7e .pio/build/mik32v2/lib3e7/libgrbl.a(stepper.o)
                0x80003f78                stepper_init()
 .text._Z31st_update_plan_block_parametersv
                0x80003ff6       0x38 .pio/build/mik32v2/lib3e7/libgrbl.a(stepper.o)
                0x80003ff6                st_update_plan_block_parameters()
 .text._Z14st_prep_bufferv
                0x8000402e      0x7b6 .pio/build/mik32v2/lib3e7/libgrbl.a(stepper.o)
                0x8000402e                st_prep_buffer()
 .text._Z20st_get_realtime_ratev
                0x800047e4       0x14 .pio/build/mik32v2/lib3e7/libgrbl.a(stepper.o)
                0x800047e4                st_get_realtime_rate()
 .text._Z11system_initv
                0x800047f8        0x2 .pio/build/mik32v2/lib3e7/libgrbl.a(system.o)
                0x800047f8                system_init()
 .text.unlikely._Z24system_control_get_statev
                0x800047fa        0x0 .pio/build/mik32v2/lib3e7/libgrbl.a(system.o)
                0x800047fa                system_control_get_state()
 .text._Z29system_check_safety_door_ajarv
                0x800047fa        0x4 .pio/build/mik32v2/lib3e7/libgrbl.a(system.o)
                0x800047fa                system_check_safety_door_ajar()
 .text._Z22system_execute_startupPc
                0x800047fe       0x48 .pio/build/mik32v2/lib3e7/libgrbl.a(system.o)
                0x800047fe                system_execute_startup(char*)
 .text._Z22system_flag_wco_changev
                0x80004846       0x12 .pio/build/mik32v2/lib3e7/libgrbl.a(system.o)
                0x80004846                system_flag_wco_change()
 .text._Z33system_convert_axis_steps_to_mposPlh
                0x80004858       0x26 .pio/build/mik32v2/lib3e7/libgrbl.a(system.o)
                0x80004858                system_convert_axis_steps_to_mpos(long*, unsigned char)
 .text._Z34system_convert_array_steps_to_mposPfPl
                0x8000487e       0x3a .pio/build/mik32v2/lib3e7/libgrbl.a(system.o)
                0x8000487e                system_convert_array_steps_to_mpos(float*, long*)
 .text._Z26system_check_travel_limitsPf
                0x800048b8       0x58 .pio/build/mik32v2/lib3e7/libgrbl.a(system.o)
                0x800048b8                system_check_travel_limits(float*)
 .text._Z26system_set_exec_state_flagh
                0x80004910       0x20 .pio/build/mik32v2/lib3e7/libgrbl.a(system.o)
                0x80004910                system_set_exec_state_flag(unsigned char)
 .text._Z28system_clear_exec_state_flagh
                0x80004930       0x22 .pio/build/mik32v2/lib3e7/libgrbl.a(system.o)
                0x80004930                system_clear_exec_state_flag(unsigned char)
 .text._Z21system_set_exec_alarmh
                0x80004952       0x18 .pio/build/mik32v2/lib3e7/libgrbl.a(system.o)
                0x80004952                system_set_exec_alarm(unsigned char)
 .text._Z23system_clear_exec_alarmv
                0x8000496a       0x12 .pio/build/mik32v2/lib3e7/libgrbl.a(system.o)
                0x8000496a                system_clear_exec_alarm()
 .text._Z39system_set_exec_accessory_override_flagh
                0x8000497c       0x20 .pio/build/mik32v2/lib3e7/libgrbl.a(system.o)
                0x8000497c                system_set_exec_accessory_override_flag(unsigned char)
 .text._Z34system_clear_exec_motion_overridesv
                0x8000499c       0x12 .pio/build/mik32v2/lib3e7/libgrbl.a(system.o)
                0x8000499c                system_clear_exec_motion_overrides()
 .text._Z37system_clear_exec_accessory_overridesv
                0x800049ae       0x12 .pio/build/mik32v2/lib3e7/libgrbl.a(system.o)
                0x800049ae                system_clear_exec_accessory_overrides()
 .text._Z11printStringPKc
                0x800049c0        0x2 .pio/build/mik32v2/lib3e7/libgrbl.a(print.o)
                0x800049c0                printString(char const*)
 .text._Z10printFloatfh
                0x800049c2      0x11c .pio/build/mik32v2/lib3e7/libgrbl.a(print.o)
                0x800049c2                printFloat(float, unsigned char)
 .text.HAL_UART_MspInit
                0x80004ade       0x5e .pio/build/mik32v2/libs.a(uart_lib.o)
                0x80004ade                HAL_UART_MspInit
 .text.UART_Init
                0x80004b3c       0x70 .pio/build/mik32v2/libs.a(uart_lib.o)
                0x80004b3c                UART_Init
 .text.UART_IsTransmissionFinished
                0x80004bac        0x8 .pio/build/mik32v2/libs.a(uart_lib.o)
                0x80004bac                UART_IsTransmissionFinished
 .text.UART_WaitTransmission
                0x80004bb4       0x18 .pio/build/mik32v2/libs.a(uart_lib.o)
                0x80004bb4                UART_WaitTransmission
 .text.UART_WriteByte
                0x80004bcc        0x4 .pio/build/mik32v2/libs.a(uart_lib.o)
                0x80004bcc                UART_WriteByte
 .text.UART_ReadByte
                0x80004bd0        0x8 .pio/build/mik32v2/libs.a(uart_lib.o)
                0x80004bd0                UART_ReadByte
 .text.xputc    0x80004bd8       0x14 .pio/build/mik32v2/libs.a(uart_lib.o)
                0x80004bd8                xputc
 .text.xputs    0x80004bec       0x1e .pio/build/mik32v2/libs.a(xprintf.o)
                0x80004bec                xputs
 .text.xvprintf
                0x80004c0a      0x292 .pio/build/mik32v2/libs.a(xprintf.o)
 .text.xprintf  0x80004e9c       0x20 .pio/build/mik32v2/libs.a(xprintf.o)
                0x80004e9c                xprintf
 .text.xsprintf
                0x80004ebc       0x36 .pio/build/mik32v2/libs.a(xprintf.o)
                0x80004ebc                xsprintf
 .text.HAL_DelayMs
                0x80004ef2        0x8 .pio/build/mik32v2/libhal_peripherals.a(mik32_hal.o)
                0x80004ef2                HAL_DelayMs
 .text.HAL_EEPROM_SetMode
                0x80004efa       0x1c .pio/build/mik32v2/libhal_peripherals.a(mik32_hal_eeprom.o)
                0x80004efa                HAL_EEPROM_SetMode
 .text.HAL_EEPROM_SetErrorCorrection
                0x80004f16       0x1c .pio/build/mik32v2/libhal_peripherals.a(mik32_hal_eeprom.o)
                0x80004f16                HAL_EEPROM_SetErrorCorrection
 .text.HAL_EEPROM_SetInterrupt
                0x80004f32       0x1c .pio/build/mik32v2/libhal_peripherals.a(mik32_hal_eeprom.o)
                0x80004f32                HAL_EEPROM_SetInterrupt
 .text.HAL_EEPROM_Init
                0x80004f4e       0x3e .pio/build/mik32v2/libhal_peripherals.a(mik32_hal_eeprom.o)
                0x80004f4e                HAL_EEPROM_Init
 .text.HAL_EEPROM_CalculateTimings
                0x80004f8c       0x54 .pio/build/mik32v2/libhal_peripherals.a(mik32_hal_eeprom.o)
                0x80004f8c                HAL_EEPROM_CalculateTimings
 .text.HAL_GPIO_Init
                0x80004fe0      0x106 .pio/build/mik32v2/libhal_peripherals.a(mik32_hal_gpio.o)
                0x80004fe0                HAL_GPIO_Init
 .text.HAL_GPIO_ReadPin
                0x800050e6        0xa .pio/build/mik32v2/libhal_peripherals.a(mik32_hal_gpio.o)
                0x800050e6                HAL_GPIO_ReadPin
 .text.HAL_GPIO_WritePin
                0x800050f0        0xa .pio/build/mik32v2/libhal_peripherals.a(mik32_hal_gpio.o)
                0x800050f0                HAL_GPIO_WritePin
 .text.HAL_GPIO_InitInterruptLine
                0x800050fa       0x7c .pio/build/mik32v2/libhal_peripherals.a(mik32_hal_gpio.o)
                0x800050fa                HAL_GPIO_InitInterruptLine
 .text.HAL_IRQ_DisableInterrupts
                0x80005176        0xc .pio/build/mik32v2/libhal_peripherals.a(mik32_hal_irq.o)
                0x80005176                HAL_IRQ_DisableInterrupts
 .text.HAL_EPIC_MaskLevelSet
                0x80005182        0xc .pio/build/mik32v2/libhal_peripherals.a(mik32_hal_irq.o)
                0x80005182                HAL_EPIC_MaskLevelSet
 .text.HAL_PCC_GetSysClockFreq
                0x8000518e       0x1c .pio/build/mik32v2/libhal_peripherals.a(mik32_hal_pcc.o)
                0x8000518e                HAL_PCC_GetSysClockFreq
 .text.HAL_TIMER16_MspInit
                0x800051aa      0x18c .pio/build/mik32v2/libhal_peripherals.a(mik32_hal_timer16.o)
                0x800051aa                HAL_TIMER16_MspInit
 .text.HAL_Timer16_Disable
                0x80005336        0xa .pio/build/mik32v2/libhal_peripherals.a(mik32_hal_timer16.o)
                0x80005336                HAL_Timer16_Disable
 .text.HAL_Timer16_SetActiveEdge
                0x80005340       0x2a .pio/build/mik32v2/libhal_peripherals.a(mik32_hal_timer16.o)
                0x80005340                HAL_Timer16_SetActiveEdge
 .text.HAL_Timer16_SetSourceClock
                0x8000536a       0x94 .pio/build/mik32v2/libhal_peripherals.a(mik32_hal_timer16.o)
                0x8000536a                HAL_Timer16_SetSourceClock
 .text.HAL_Timer16_SetCountMode
                0x800053fe       0x44 .pio/build/mik32v2/libhal_peripherals.a(mik32_hal_timer16.o)
                0x800053fe                HAL_Timer16_SetCountMode
 .text.HAL_Timer16_ClockInit
                0x80005442       0x20 .pio/build/mik32v2/libhal_peripherals.a(mik32_hal_timer16.o)
                0x80005442                HAL_Timer16_ClockInit
 .text.HAL_Timer16_SetPreload
                0x80005462       0x44 .pio/build/mik32v2/libhal_peripherals.a(mik32_hal_timer16.o)
                0x80005462                HAL_Timer16_SetPreload
 .text.HAL_Timer16_SelectTrigger
                0x800054a6       0x2e .pio/build/mik32v2/libhal_peripherals.a(mik32_hal_timer16.o)
                0x800054a6                HAL_Timer16_SelectTrigger
 .text.HAL_Timer16_SetTriggerEdge
                0x800054d4       0x30 .pio/build/mik32v2/libhal_peripherals.a(mik32_hal_timer16.o)
                0x800054d4                HAL_Timer16_SetTriggerEdge
 .text.HAL_Timer16_SetTimeOut
                0x80005504       0x30 .pio/build/mik32v2/libhal_peripherals.a(mik32_hal_timer16.o)
                0x80005504                HAL_Timer16_SetTimeOut
 .text.HAL_Timer16_SetFilterExternalClock
                0x80005534       0x2e .pio/build/mik32v2/libhal_peripherals.a(mik32_hal_timer16.o)
                0x80005534                HAL_Timer16_SetFilterExternalClock
 .text.HAL_Timer16_SetFilterTrigger
                0x80005562       0x30 .pio/build/mik32v2/libhal_peripherals.a(mik32_hal_timer16.o)
                0x80005562                HAL_Timer16_SetFilterTrigger
 .text.HAL_Timer16_WaveformPolarity
                0x80005592       0x30 .pio/build/mik32v2/libhal_peripherals.a(mik32_hal_timer16.o)
                0x80005592                HAL_Timer16_WaveformPolarity
 .text.HAL_Timer16_SetPrescaler
                0x800055c2       0x32 .pio/build/mik32v2/libhal_peripherals.a(mik32_hal_timer16.o)
                0x800055c2                HAL_Timer16_SetPrescaler
 .text.HAL_Timer16_Init
                0x800055f4       0x6c .pio/build/mik32v2/libhal_peripherals.a(mik32_hal_timer16.o)
                0x800055f4                HAL_Timer16_Init
 .text.atan2f   0x80005660        0x4 /home/vitasan/.platformio/packages/toolchain-riscv/bin/../lib/gcc/riscv-none-elf/13.2.0/../../../../riscv-none-elf/lib/rv32imc/ilp32/libm.a(libm_a-wf_atan2.o)
                0x80005660                atan2f
 .text.sqrtf    0x80005664       0x54 /home/vitasan/.platformio/packages/toolchain-riscv/bin/../lib/gcc/riscv-none-elf/13.2.0/../../../../riscv-none-elf/lib/rv32imc/ilp32/libm.a(libm_a-wf_sqrt.o)
                0x80005664                sqrtf
 .text.ceilf    0x800056b8       0xfe /home/vitasan/.platformio/packages/toolchain-riscv/bin/../lib/gcc/riscv-none-elf/13.2.0/../../../../riscv-none-elf/lib/rv32imc/ilp32/libm.a(libm_a-sf_ceil.o)
                0x800056b8                ceilf
 .text.cosf     0x800057b6       0x7c /home/vitasan/.platformio/packages/toolchain-riscv/bin/../lib/gcc/riscv-none-elf/13.2.0/../../../../riscv-none-elf/lib/rv32imc/ilp32/libm.a(libm_a-sf_cos.o)
                0x800057b6                cosf
 .text.floorf   0x80005832      0x100 /home/vitasan/.platformio/packages/toolchain-riscv/bin/../lib/gcc/riscv-none-elf/13.2.0/../../../../riscv-none-elf/lib/rv32imc/ilp32/libm.a(libm_a-sf_floor.o)
                0x80005832                floorf
 .text.sinf     0x80005932       0x7a /home/vitasan/.platformio/packages/toolchain-riscv/bin/../lib/gcc/riscv-none-elf/13.2.0/../../../../riscv-none-elf/lib/rv32imc/ilp32/libm.a(libm_a-sf_sin.o)
                0x80005932                sinf
 .text.round    0x800059ac       0xce /home/vitasan/.platformio/packages/toolchain-riscv/bin/../lib/gcc/riscv-none-elf/13.2.0/../../../../riscv-none-elf/lib/rv32imc/ilp32/libm.a(libm_a-s_round.o)
                0x800059ac                round
 .text.trunc    0x80005a7a       0x82 /home/vitasan/.platformio/packages/toolchain-riscv/bin/../lib/gcc/riscv-none-elf/13.2.0/../../../../riscv-none-elf/lib/rv32imc/ilp32/libm.a(libm_a-s_trunc.o)
                0x80005a7a                trunc
 .text.__ieee754_sqrtf
                0x80005afc      0x13a /home/vitasan/.platformio/packages/toolchain-riscv/bin/../lib/gcc/riscv-none-elf/13.2.0/../../../../riscv-none-elf/lib/rv32imc/ilp32/libm.a(libm_a-ef_sqrt.o)
                0x80005afc                __ieee754_sqrtf
 .text.fmin     0x80005c36       0x48 /home/vitasan/.platformio/packages/toolchain-riscv/bin/../lib/gcc/riscv-none-elf/13.2.0/../../../../riscv-none-elf/lib/rv32imc/ilp32/libm.a(libm_a-s_fmin.o)
                0x80005c36                fmin
 .text.__fpclassifyd
                0x80005c7e       0x54 /home/vitasan/.platformio/packages/toolchain-riscv/bin/../lib/gcc/riscv-none-elf/13.2.0/../../../../riscv-none-elf/lib/rv32imc/ilp32/libm.a(libm_a-s_fpclassify.o)
                0x80005c7e                __fpclassifyd
 .text.lround   0x80005cd2       0xa0 /home/vitasan/.platformio/packages/toolchain-riscv/bin/../lib/gcc/riscv-none-elf/13.2.0/../../../../riscv-none-elf/lib/rv32imc/ilp32/libm.a(libm_a-s_lround.o)
                0x80005cd2                lround
 .text.__kernel_cosf
                0x80005d72      0x206 /home/vitasan/.platformio/packages/toolchain-riscv/bin/../lib/gcc/riscv-none-elf/13.2.0/../../../../riscv-none-elf/lib/rv32imc/ilp32/libm.a(libm_a-kf_cos.o)
                0x80005d72                __kernel_cosf
 .text.__kernel_sinf
                0x80005f78      0x12a /home/vitasan/.platformio/packages/toolchain-riscv/bin/../lib/gcc/riscv-none-elf/13.2.0/../../../../riscv-none-elf/lib/rv32imc/ilp32/libm.a(libm_a-kf_sin.o)
                0x80005f78                __kernel_sinf
 .text.__ieee754_atan2f
                0x800060a2      0x16a /home/vitasan/.platformio/packages/toolchain-riscv/bin/../lib/gcc/riscv-none-elf/13.2.0/../../../../riscv-none-elf/lib/rv32imc/ilp32/libm.a(libm_a-ef_atan2.o)
                0x800060a2                __ieee754_atan2f
 .text.__ieee754_rem_pio2f
                0x8000620c      0x3c2 /home/vitasan/.platformio/packages/toolchain-riscv/bin/../lib/gcc/riscv-none-elf/13.2.0/../../../../riscv-none-elf/lib/rv32imc/ilp32/libm.a(libm_a-ef_rem_pio2.o)
                0x8000620c                __ieee754_rem_pio2f
 .text.atanf    0x800065ce      0x2ac /home/vitasan/.platformio/packages/toolchain-riscv/bin/../lib/gcc/riscv-none-elf/13.2.0/../../../../riscv-none-elf/lib/rv32imc/ilp32/libm.a(libm_a-sf_atan.o)
                0x800065ce                atanf
 .text.fabsf    0x8000687a        0x6 /home/vitasan/.platformio/packages/toolchain-riscv/bin/../lib/gcc/riscv-none-elf/13.2.0/../../../../riscv-none-elf/lib/rv32imc/ilp32/libm.a(libm_a-sf_fabs.o)
                0x8000687a                fabsf
 .text.__kernel_rem_pio2f
                0x80006880      0x7c4 /home/vitasan/.platformio/packages/toolchain-riscv/bin/../lib/gcc/riscv-none-elf/13.2.0/../../../../riscv-none-elf/lib/rv32imc/ilp32/libm.a(libm_a-kf_rem_pio2.o)
                0x80006880                __kernel_rem_pio2f
 .text.scalbnf  0x80007044      0x112 /home/vitasan/.platformio/packages/toolchain-riscv/bin/../lib/gcc/riscv-none-elf/13.2.0/../../../../riscv-none-elf/lib/rv32imc/ilp32/libm.a(libm_a-sf_scalbn.o)
                0x80007044                scalbnf
 .text.memcmp   0x80007156       0x54 /home/vitasan/.platformio/packages/toolchain-riscv/bin/../lib/gcc/riscv-none-elf/13.2.0/../../../../riscv-none-elf/lib/rv32imc/ilp32/libc.a(libc_a-memcmp.o)
                0x80007156                memcmp
 .text.strcat   0x800071aa       0x5a /home/vitasan/.platformio/packages/toolchain-riscv/bin/../lib/gcc/riscv-none-elf/13.2.0/../../../../riscv-none-elf/lib/rv32imc/ilp32/libc.a(libc_a-strcat.o)
                0x800071aa                strcat
 .text.__errno  0x80007204        0x6 /home/vitasan/.platformio/packages/toolchain-riscv/bin/../lib/gcc/riscv-none-elf/13.2.0/../../../../riscv-none-elf/lib/rv32imc/ilp32/libc.a(libc_a-errno.o)
                0x80007204                __errno
 .text.memcpy   0x8000720a      0x146 /home/vitasan/.platformio/packages/toolchain-riscv/bin/../lib/gcc/riscv-none-elf/13.2.0/../../../../riscv-none-elf/lib/rv32imc/ilp32/libc.a(libc_a-memcpy.o)
                0x8000720a                memcpy
 .text.strlen   0x80007350       0x64 /home/vitasan/.platformio/packages/toolchain-riscv/bin/../lib/gcc/riscv-none-elf/13.2.0/../../../../riscv-none-elf/lib/rv32imc/ilp32/libc.a(libc_a-strlen.o)
                0x80007350                strlen
 .text.strcpy   0x800073b4       0x78 /home/vitasan/.platformio/packages/toolchain-riscv/bin/../lib/gcc/riscv-none-elf/13.2.0/../../../../riscv-none-elf/lib/rv32imc/ilp32/libc.a(libc_a-strcpy.o)
                0x800073b4                strcpy
 .text.__adddf3
                0x8000742c      0x71c /home/vitasan/.platformio/packages/toolchain-riscv/bin/../lib/gcc/riscv-none-elf/13.2.0/rv32imc/ilp32/libgcc.a(adddf3.o)
                0x8000742c                __adddf3
 .text.__ledf2  0x80007b48       0xc2 /home/vitasan/.platformio/packages/toolchain-riscv/bin/../lib/gcc/riscv-none-elf/13.2.0/rv32imc/ilp32/libgcc.a(ledf2.o)
                0x80007b48                __ltdf2
                0x80007b48                __ledf2
 .text.__fixdfsi
                0x80007c0a       0x66 /home/vitasan/.platformio/packages/toolchain-riscv/bin/../lib/gcc/riscv-none-elf/13.2.0/rv32imc/ilp32/libgcc.a(fixdfsi.o)
                0x80007c0a                __fixdfsi
 .text.__fixunsdfsi
                0x80007c70       0x58 /home/vitasan/.platformio/packages/toolchain-riscv/bin/../lib/gcc/riscv-none-elf/13.2.0/rv32imc/ilp32/libgcc.a(fixunsdfsi.o)
                0x80007c70                __fixunsdfsi
 .text.__addsf3
                0x80007cc8      0x3ae /home/vitasan/.platformio/packages/toolchain-riscv/bin/../lib/gcc/riscv-none-elf/13.2.0/rv32imc/ilp32/libgcc.a(addsf3.o)
                0x80007cc8                __addsf3
 .text.__divsf3
                0x80008076      0x2e8 /home/vitasan/.platformio/packages/toolchain-riscv/bin/../lib/gcc/riscv-none-elf/13.2.0/rv32imc/ilp32/libgcc.a(divsf3.o)
                0x80008076                __divsf3
 .text.__eqsf2  0x8000835e       0x5e /home/vitasan/.platformio/packages/toolchain-riscv/bin/../lib/gcc/riscv-none-elf/13.2.0/rv32imc/ilp32/libgcc.a(eqsf2.o)
                0x8000835e                __nesf2
                0x8000835e                __eqsf2
 .text.__gesf2  0x800083bc       0x92 /home/vitasan/.platformio/packages/toolchain-riscv/bin/../lib/gcc/riscv-none-elf/13.2.0/rv32imc/ilp32/libgcc.a(gesf2.o)
                0x800083bc                __gtsf2
                0x800083bc                __gesf2
 .text.__lesf2  0x8000844e       0x96 /home/vitasan/.platformio/packages/toolchain-riscv/bin/../lib/gcc/riscv-none-elf/13.2.0/rv32imc/ilp32/libgcc.a(lesf2.o)
                0x8000844e                __lesf2
                0x8000844e                __ltsf2
 .text.__mulsf3
                0x800084e4      0x2e8 /home/vitasan/.platformio/packages/toolchain-riscv/bin/../lib/gcc/riscv-none-elf/13.2.0/rv32imc/ilp32/libgcc.a(mulsf3.o)
                0x800084e4                __mulsf3
 .text.__subsf3
                0x800087cc      0x3cc /home/vitasan/.platformio/packages/toolchain-riscv/bin/../lib/gcc/riscv-none-elf/13.2.0/rv32imc/ilp32/libgcc.a(subsf3.o)
                0x800087cc                __subsf3
 .text.__unordsf2
                0x80008b98       0x3c /home/vitasan/.platformio/packages/toolchain-riscv/bin/../lib/gcc/riscv-none-elf/13.2.0/rv32imc/ilp32/libgcc.a(unordsf2.o)
                0x80008b98                __unordsf2
 .text.__fixsfsi
                0x80008bd4       0x60 /home/vitasan/.platformio/packages/toolchain-riscv/bin/../lib/gcc/riscv-none-elf/13.2.0/rv32imc/ilp32/libgcc.a(fixsfsi.o)
                0x80008bd4                __fixsfsi
 .text.__fixunssfsi
                0x80008c34       0x52 /home/vitasan/.platformio/packages/toolchain-riscv/bin/../lib/gcc/riscv-none-elf/13.2.0/rv32imc/ilp32/libgcc.a(fixunssfsi.o)
                0x80008c34                __fixunssfsi
 .text.__floatsisf
                0x80008c86       0xc2 /home/vitasan/.platformio/packages/toolchain-riscv/bin/../lib/gcc/riscv-none-elf/13.2.0/rv32imc/ilp32/libgcc.a(floatsisf.o)
                0x80008c86                __floatsisf
 .text.__floatunsisf
                0x80008d48       0xba /home/vitasan/.platformio/packages/toolchain-riscv/bin/../lib/gcc/riscv-none-elf/13.2.0/rv32imc/ilp32/libgcc.a(floatunsisf.o)
                0x80008d48                __floatunsisf
 .text.__extendsfdf2
                0x80008e02       0xa6 /home/vitasan/.platformio/packages/toolchain-riscv/bin/../lib/gcc/riscv-none-elf/13.2.0/rv32imc/ilp32/libgcc.a(extendsfdf2.o)
                0x80008e02                __extendsfdf2
 .text.__truncdfsf2
                0x80008ea8      0x14c /home/vitasan/.platformio/packages/toolchain-riscv/bin/../lib/gcc/riscv-none-elf/13.2.0/rv32imc/ilp32/libgcc.a(truncdfsf2.o)
                0x80008ea8                __truncdfsf2
 .text.__clzsi2
                0x80008ff4       0x6e /home/vitasan/.platformio/packages/toolchain-riscv/bin/../lib/gcc/riscv-none-elf/13.2.0/rv32imc/ilp32/libgcc.a(_clzsi2.o)
                0x80008ff4                __clzsi2
 *(.gnu.linkonce.t.*)
 *(.rodata)
 *fill*         0x80009062        0x2 
 .rodata        0x80009064      0x11c .pio/build/mik32v2/lib3e7/libgrbl.a(gcode.o)
 .rodata        0x80009180       0x70 .pio/build/mik32v2/lib3e7/libgrbl.a(report.o)
 *(.rodata.*)
 .rodata.str1.4
                0x800091f0      0x3bc .pio/build/mik32v2/lib3e7/libgrbl.a(report.o)
 .rodata.CSWTCH.9
                0x800095ac        0xc /home/vitasan/.platformio/packages/toolchain-riscv/bin/../lib/gcc/riscv-none-elf/13.2.0/../../../../riscv-none-elf/lib/rv32imc/ilp32/libm.a(libm_a-ef_atan2.o)
 .rodata.CSWTCH.8
                0x800095b8        0xc /home/vitasan/.platformio/packages/toolchain-riscv/bin/../lib/gcc/riscv-none-elf/13.2.0/../../../../riscv-none-elf/lib/rv32imc/ilp32/libm.a(libm_a-ef_atan2.o)
 .rodata.npio2_hw
                0x800095c4       0x80 /home/vitasan/.platformio/packages/toolchain-riscv/bin/../lib/gcc/riscv-none-elf/13.2.0/../../../../riscv-none-elf/lib/rv32imc/ilp32/libm.a(libm_a-ef_rem_pio2.o)
 .rodata.two_over_pi
                0x80009644      0x318 /home/vitasan/.platformio/packages/toolchain-riscv/bin/../lib/gcc/riscv-none-elf/13.2.0/../../../../riscv-none-elf/lib/rv32imc/ilp32/libm.a(libm_a-ef_rem_pio2.o)
 .rodata.atanlo
                0x8000995c       0x10 /home/vitasan/.platformio/packages/toolchain-riscv/bin/../lib/gcc/riscv-none-elf/13.2.0/../../../../riscv-none-elf/lib/rv32imc/ilp32/libm.a(libm_a-sf_atan.o)
 .rodata.atanhi
                0x8000996c       0x10 /home/vitasan/.platformio/packages/toolchain-riscv/bin/../lib/gcc/riscv-none-elf/13.2.0/../../../../riscv-none-elf/lib/rv32imc/ilp32/libm.a(libm_a-sf_atan.o)
 .rodata.PIo2   0x8000997c       0x2c /home/vitasan/.platformio/packages/toolchain-riscv/bin/../lib/gcc/riscv-none-elf/13.2.0/../../../../riscv-none-elf/lib/rv32imc/ilp32/libm.a(libm_a-kf_rem_pio2.o)
 .rodata.init_jk
                0x800099a8        0xc /home/vitasan/.platformio/packages/toolchain-riscv/bin/../lib/gcc/riscv-none-elf/13.2.0/../../../../riscv-none-elf/lib/rv32imc/ilp32/libm.a(libm_a-kf_rem_pio2.o)
 .rodata.__divsf3
                0x800099b4       0xa8 /home/vitasan/.platformio/packages/toolchain-riscv/bin/../lib/gcc/riscv-none-elf/13.2.0/rv32imc/ilp32/libgcc.a(divsf3.o)
 .rodata.__clz_tab
                0x80009a5c      0x100 /home/vitasan/.platformio/packages/toolchain-riscv/bin/../lib/gcc/riscv-none-elf/13.2.0/rv32imc/ilp32/libgcc.a(_clz.o)
                0x80009a5c                __clz_tab
 *(.gnu.linkonce.r.*)
                0x80009b5c                        . = ALIGN (0x4)
                [!provide]                        PROVIDE (__TEXT_END__ = .)

.tdata          0x020001f0        0x0 load address 0x80009b5c
                [!provide]                        PROVIDE (_tls_data = .)
                [!provide]                        PROVIDE (_tdata_start = .)
 *(.tdata .tdata.*)
 *(.gnu.linkonce.td.*)
                0x020001f0                        . = ALIGN (0x4)
                [!provide]                        PROVIDE (_tdata_end = .)

.tbss           0x020001f0        0x0 load address 0x80009b5c
                [!provide]                        PROVIDE (_tbss_start = .)
 *(.tbss .tbss.*)
 *(.gnu.linkonce.tb.*)
                0x020001f0                        . = ALIGN (0x4)
                [!provide]                        PROVIDE (_tbss_end = .)
                0x80009b5c                        __TDATA_IMAGE_START__ = LOADADDR (.tdata)
                0x80009b5c                        __TDATA_IMAGE_END__ = (LOADADDR (.tdata) + SIZEOF (.tdata))

.data           0x020001f0      0x120 load address 0x80009b5c
                0x020001f0                        PROVIDE (__DATA_START__ = .)
 *(.data .data.*)
 .data._impure_data
                0x020001f0      0x120 /home/vitasan/.platformio/packages/toolchain-riscv/bin/../lib/gcc/riscv-none-elf/13.2.0/../../../../riscv-none-elf/lib/rv32imc/ilp32/libc.a(libc_a-impure.o)
                0x020001f0                _impure_data
 *(.gnu.linkonce.d.*)
                0x02000310                        . = ALIGN (0x4)
                [!provide]                        PROVIDE (__DATA_END__ = .)

.sdata          0x02000310        0x4 load address 0x80009c7c
                0x02000310                        PROVIDE (__SDATA_START__ = .)
 *(.sdata .sdata.* .sdata2.* .gnu.linkonce.s.*)
 .sdata._impure_ptr
                0x02000310        0x4 /home/vitasan/.platformio/packages/toolchain-riscv/bin/../lib/gcc/riscv-none-elf/13.2.0/../../../../riscv-none-elf/lib/rv32imc/ilp32/libc.a(libc_a-impure.o)
                0x02000310                _impure_ptr

.srodata        0x02000314      0x160 load address 0x80009c80
                [!provide]                        PROVIDE (__SRODATA_START__ = .)
 *(.srodata.cst16)
 *(.srodata.cst8)
 *(.srodata.cst4)
 .srodata.cst4  0x02000314      0x158 .pio/build/mik32v2/lib3e7/libgrbl.a(gcode.o)
                                 0x1c (size before relaxing)
 .srodata.cst4  0x0200046c       0x1c .pio/build/mik32v2/lib3e7/libgrbl.a(motion_control.o)
 .srodata.cst4  0x0200046c       0x18 .pio/build/mik32v2/lib3e7/libgrbl.a(nuts_bolts.o)
 .srodata.cst4  0x0200046c       0x18 .pio/build/mik32v2/lib3e7/libgrbl.a(planner.o)
 .srodata.cst4  0x0200046c        0x8 .pio/build/mik32v2/lib3e7/libgrbl.a(protocol.o)
 .srodata.cst4  0x0200046c       0x14 .pio/build/mik32v2/lib3e7/libgrbl.a(report.o)
 .srodata.cst4  0x0200046c       0x2c .pio/build/mik32v2/lib3e7/libgrbl.a(settings.o)
 .srodata.cst4  0x0200046c        0xc .pio/build/mik32v2/lib3e7/libgrbl.a(spindle_control.o)
 .srodata.cst4  0x0200046c       0x14 .pio/build/mik32v2/lib3e7/libgrbl.a(stepper.o)
 .srodata.cst4  0x0200046c       0x10 .pio/build/mik32v2/lib3e7/libgrbl.a(print.o)
 .srodata.cst4  0x0200046c        0xc /home/vitasan/.platformio/packages/toolchain-riscv/bin/../lib/gcc/riscv-none-elf/13.2.0/../../../../riscv-none-elf/lib/rv32imc/ilp32/libm.a(libm_a-sf_ceil.o)
 .srodata.cst4  0x0200046c        0xc /home/vitasan/.platformio/packages/toolchain-riscv/bin/../lib/gcc/riscv-none-elf/13.2.0/../../../../riscv-none-elf/lib/rv32imc/ilp32/libm.a(libm_a-sf_floor.o)
 .srodata.cst4  0x0200046c       0x28 /home/vitasan/.platformio/packages/toolchain-riscv/bin/../lib/gcc/riscv-none-elf/13.2.0/../../../../riscv-none-elf/lib/rv32imc/ilp32/libm.a(libm_a-kf_cos.o)
 .srodata.cst4  0x0200046c       0x1c /home/vitasan/.platformio/packages/toolchain-riscv/bin/../lib/gcc/riscv-none-elf/13.2.0/../../../../riscv-none-elf/lib/rv32imc/ilp32/libm.a(libm_a-kf_sin.o)
 .srodata.cst4  0x0200046c       0x18 /home/vitasan/.platformio/packages/toolchain-riscv/bin/../lib/gcc/riscv-none-elf/13.2.0/../../../../riscv-none-elf/lib/rv32imc/ilp32/libm.a(libm_a-ef_atan2.o)
 .srodata.cst4  0x0200046c       0x24 /home/vitasan/.platformio/packages/toolchain-riscv/bin/../lib/gcc/riscv-none-elf/13.2.0/../../../../riscv-none-elf/lib/rv32imc/ilp32/libm.a(libm_a-ef_rem_pio2.o)
 .srodata.cst4  0x0200046c       0x48 /home/vitasan/.platformio/packages/toolchain-riscv/bin/../lib/gcc/riscv-none-elf/13.2.0/../../../../riscv-none-elf/lib/rv32imc/ilp32/libm.a(libm_a-sf_atan.o)
 .srodata.cst4  0x0200046c       0x1c /home/vitasan/.platformio/packages/toolchain-riscv/bin/../lib/gcc/riscv-none-elf/13.2.0/../../../../riscv-none-elf/lib/rv32imc/ilp32/libm.a(libm_a-kf_rem_pio2.o)
 .srodata.cst4  0x0200046c       0x18 /home/vitasan/.platformio/packages/toolchain-riscv/bin/../lib/gcc/riscv-none-elf/13.2.0/../../../../riscv-none-elf/lib/rv32imc/ilp32/libm.a(libm_a-sf_scalbn.o)
 *(.srodata.cst2)
 *(.srodata*)
 .srodata.tiny  0x0200046c        0x4 /home/vitasan/.platformio/packages/toolchain-riscv/bin/../lib/gcc/riscv-none-elf/13.2.0/../../../../riscv-none-elf/lib/rv32imc/ilp32/libm.a(libm_a-ef_sqrt.o)
 .srodata.one   0x02000470        0x4 /home/vitasan/.platformio/packages/toolchain-riscv/bin/../lib/gcc/riscv-none-elf/13.2.0/../../../../riscv-none-elf/lib/rv32imc/ilp32/libm.a(libm_a-ef_sqrt.o)
                0x80009b5c                        __DATA_IMAGE_START__ = LOADADDR (.data)
                0x80009de0                        __DATA_IMAGE_END__ = (LOADADDR (.srodata) + SIZEOF (.srodata))

.rela.dyn       0x02000474        0x0 load address 0x80009de0
 .rela.text     0x02000474        0x0 .pio/build/mik32v2/src/main.o
 .rela.trap_text
                0x02000474        0x0 .pio/build/mik32v2/src/main.o

.sbss           0x02000474       0x84 load address 0x80009de0
                0x02000474                        PROVIDE (__SBSS_START__ = .)
 *(.sbss .sbss.*)
 .sbss          0x02000474       0x10 .pio/build/mik32v2/src/main.o
                0x02000474                sys_rt_exec_accessory_override
                0x02000475                sys_rt_exec_motion_override
                0x02000476                sys_rt_exec_alarm
                0x02000477                sys_rt_exec_state
                0x02000478                sys_probe_state
                0x02000479                line_flags
                0x0200047a                buf_pointer
 .sbss          0x02000484        0xc .pio/build/mik32v2/lib3e7/libgrbl.a(eeprom.o)
 .sbss          0x02000490        0xc .pio/build/mik32v2/lib3e7/libgrbl.a(planner.o)
 .sbss          0x0200049c        0xc .pio/build/mik32v2/lib3e7/libgrbl.a(probe.o)
                0x0200049c                probe_invert_mask
 .sbss          0x020004a8        0xc .pio/build/mik32v2/lib3e7/libgrbl.a(report.o)
 .sbss          0x020004b4       0x10 .pio/build/mik32v2/lib3e7/libgrbl.a(serial.o)
                0x020004b4                serial_rx_buffer_tail
                0x020004b8                serial_rx_buffer_head
 .sbss          0x020004c4        0xc .pio/build/mik32v2/lib3e7/libgrbl.a(spindle_control.o)
 .sbss          0x020004d0       0x18 .pio/build/mik32v2/lib3e7/libgrbl.a(stepper.o)
 .sbss          0x020004e8        0xc .pio/build/mik32v2/libs.a(xprintf.o)
                0x020004e8                xfunc_in
                0x020004f0                xfunc_out
 .sbss          0x020004f4        0x4 .pio/build/mik32v2/libhal_peripherals.a(mik32_hal_gpio.o)
                0x020004f4                current_irq_line_mux
 *(.gnu.linkonce.sb.*)
 *(.scommon)
                0x020004f8                        . = ALIGN (0x4)
                [!provide]                        PROVIDE (__SBSS_END__ = .)

.bss            0x020004f8      0x81c load address 0x80009de0
                [!provide]                        PROVIDE (__BSS_START__ = .)
 *(.bss .bss.*)
 .bss           0x020004f8       0xfc .pio/build/mik32v2/src/main.o
                0x020004f8                sys_position
                0x02000508                sys
                0x020005e4                sys_probe_position
 .bss           0x020005f4       0x1c .pio/build/mik32v2/lib3e7/libgrbl.a(eeprom.o)
 .bss           0x02000610       0x98 .pio/build/mik32v2/lib3e7/libgrbl.a(gcode.o)
                0x02000610                gc_state
                0x02000660                gc_block
 .bss           0x020006a8      0x3a4 .pio/build/mik32v2/lib3e7/libgrbl.a(planner.o)
 .bss           0x02000a4c       0x70 .pio/build/mik32v2/lib3e7/libgrbl.a(settings.o)
                0x02000a4c                settings
 .bss           0x02000abc      0x120 .pio/build/mik32v2/lib3e7/libgrbl.a(stepper.o)
 .bss.__sf      0x02000bdc      0x138 /home/vitasan/.platformio/packages/toolchain-riscv/bin/../lib/gcc/riscv-none-elf/13.2.0/../../../../riscv-none-elf/lib/rv32imc/ilp32/libc.a(libc_a-findfp.o)
                0x02000bdc                __sf
 *(.gnu.linkonce.b.*)
 *(COMMON)
                0x02000d14                        . = ALIGN (0x4)
                0x02000d14                        PROVIDE (__BSS_END__ = .)
                0x020009d0                        __global_pointer$ = MIN ((__SDATA_START__ + 0x7e0), MAX ((__DATA_START__ + 0x7e0), (__BSS_END__ - 0x7e0)))
                0x00000001                        ASSERT ((__BSS_END__ < ((ORIGIN (REGION_RAM) + LENGTH (REGION_RAM)) - __stack_size)), REGION_RAM section overflows)
                [!provide]                        PROVIDE (_end = .)
                [!provide]                        PROVIDE (__end = .)
                [!provide]                        PROVIDE (end = .)

.stack          0x02003c00      0x400
                0x02003c00                        . = ALIGN (0x10)
                [!provide]                        PROVIDE (_heap_end = .)
                [!provide]                        PROVIDE (__STACK_START__ = .)
                0x00000400                        . = __stack_size
 *fill*         0x02003c00      0x400 
                0x02004000                        PROVIDE (__C_STACK_TOP__ = .)
                [!provide]                        PROVIDE (__STACK_END__ = .)

/DISCARD/
 *(.eh_frame .eh_frame.*)
OUTPUT(.pio/build/mik32v2/firmware.elf elf32-littleriscv)

.debug_info     0x00000000    0x27f52
 .debug_info    0x00000000     0x1afc .pio/build/mik32v2/src/main.o
 .debug_info    0x00001afc     0x183c .pio/build/mik32v2/lib3e7/libgrbl.a(coolant_control.o)
 .debug_info    0x00003338     0x1c5f .pio/build/mik32v2/lib3e7/libgrbl.a(eeprom.o)
 .debug_info    0x00004f97     0x23d0 .pio/build/mik32v2/lib3e7/libgrbl.a(gcode.o)
 .debug_info    0x00007367     0x18eb .pio/build/mik32v2/lib3e7/libgrbl.a(jog.o)
 .debug_info    0x00008c52     0x22d8 .pio/build/mik32v2/lib3e7/libgrbl.a(limits.o)
 .debug_info    0x0000af2a     0x20cc .pio/build/mik32v2/lib3e7/libgrbl.a(motion_control.o)
 .debug_info    0x0000cff6     0x23c7 .pio/build/mik32v2/lib3e7/libgrbl.a(nuts_bolts.o)
 .debug_info    0x0000f3bd     0x2126 .pio/build/mik32v2/lib3e7/libgrbl.a(planner.o)
 .debug_info    0x000114e3     0x1801 .pio/build/mik32v2/lib3e7/libgrbl.a(probe.o)
 .debug_info    0x00012ce4     0x1fc3 .pio/build/mik32v2/lib3e7/libgrbl.a(protocol.o)
 .debug_info    0x00014ca7     0x334d .pio/build/mik32v2/lib3e7/libgrbl.a(report.o)
 .debug_info    0x00017ff4     0x18ce .pio/build/mik32v2/lib3e7/libgrbl.a(serial.o)
 .debug_info    0x000198c2     0x1c9a .pio/build/mik32v2/lib3e7/libgrbl.a(settings.o)
 .debug_info    0x0001b55c     0x1bdd .pio/build/mik32v2/lib3e7/libgrbl.a(spindle_control.o)
 .debug_info    0x0001d139     0x2a09 .pio/build/mik32v2/lib3e7/libgrbl.a(stepper.o)
 .debug_info    0x0001fb42     0x1e79 .pio/build/mik32v2/lib3e7/libgrbl.a(system.o)
 .debug_info    0x000219bb     0x18ee .pio/build/mik32v2/lib3e7/libgrbl.a(print.o)
 .debug_info    0x000232a9       0x23 .pio/build/mik32v2/libruntime.a(crt0.o)
 .debug_info    0x000232cc      0x8bb .pio/build/mik32v2/libs.a(uart_lib.o)
 .debug_info    0x00023b87      0x72d .pio/build/mik32v2/libs.a(xprintf.o)
 .debug_info    0x000242b4      0x2ec .pio/build/mik32v2/libhal_peripherals.a(mik32_hal.o)
 .debug_info    0x000245a0      0x869 .pio/build/mik32v2/libhal_peripherals.a(mik32_hal_eeprom.o)
 .debug_info    0x00024e09      0xb58 .pio/build/mik32v2/libhal_peripherals.a(mik32_hal_gpio.o)
 .debug_info    0x00025961      0x22b .pio/build/mik32v2/libhal_peripherals.a(mik32_hal_irq.o)
 .debug_info    0x00025b8c      0x7a1 .pio/build/mik32v2/libhal_peripherals.a(mik32_hal_pcc.o)
 .debug_info    0x0002632d     0x1c25 .pio/build/mik32v2/libhal_peripherals.a(mik32_hal_timer16.o)

.debug_abbrev   0x00000000     0x5d96
 .debug_abbrev  0x00000000      0x39f .pio/build/mik32v2/src/main.o
 .debug_abbrev  0x0000039f      0x3ca .pio/build/mik32v2/lib3e7/libgrbl.a(coolant_control.o)
 .debug_abbrev  0x00000769      0x3dc .pio/build/mik32v2/lib3e7/libgrbl.a(eeprom.o)
 .debug_abbrev  0x00000b45      0x41a .pio/build/mik32v2/lib3e7/libgrbl.a(gcode.o)
 .debug_abbrev  0x00000f5f      0x327 .pio/build/mik32v2/lib3e7/libgrbl.a(jog.o)
 .debug_abbrev  0x00001286      0x494 .pio/build/mik32v2/lib3e7/libgrbl.a(limits.o)
 .debug_abbrev  0x0000171a      0x483 .pio/build/mik32v2/lib3e7/libgrbl.a(motion_control.o)
 .debug_abbrev  0x00001b9d      0x4a3 .pio/build/mik32v2/lib3e7/libgrbl.a(nuts_bolts.o)
 .debug_abbrev  0x00002040      0x54b .pio/build/mik32v2/lib3e7/libgrbl.a(planner.o)
 .debug_abbrev  0x0000258b      0x3a5 .pio/build/mik32v2/lib3e7/libgrbl.a(probe.o)
 .debug_abbrev  0x00002930      0x3f0 .pio/build/mik32v2/lib3e7/libgrbl.a(protocol.o)
 .debug_abbrev  0x00002d20      0x574 .pio/build/mik32v2/lib3e7/libgrbl.a(report.o)
 .debug_abbrev  0x00003294      0x3c9 .pio/build/mik32v2/lib3e7/libgrbl.a(serial.o)
 .debug_abbrev  0x0000365d      0x415 .pio/build/mik32v2/lib3e7/libgrbl.a(settings.o)
 .debug_abbrev  0x00003a72      0x4c4 .pio/build/mik32v2/lib3e7/libgrbl.a(spindle_control.o)
 .debug_abbrev  0x00003f36      0x4c9 .pio/build/mik32v2/lib3e7/libgrbl.a(stepper.o)
 .debug_abbrev  0x000043ff      0x467 .pio/build/mik32v2/lib3e7/libgrbl.a(system.o)
 .debug_abbrev  0x00004866      0x3fe .pio/build/mik32v2/lib3e7/libgrbl.a(print.o)
 .debug_abbrev  0x00004c64       0x12 .pio/build/mik32v2/libruntime.a(crt0.o)
 .debug_abbrev  0x00004c76      0x271 .pio/build/mik32v2/libs.a(uart_lib.o)
 .debug_abbrev  0x00004ee7      0x266 .pio/build/mik32v2/libs.a(xprintf.o)
 .debug_abbrev  0x0000514d      0x160 .pio/build/mik32v2/libhal_peripherals.a(mik32_hal.o)
 .debug_abbrev  0x000052ad      0x23a .pio/build/mik32v2/libhal_peripherals.a(mik32_hal_eeprom.o)
 .debug_abbrev  0x000054e7      0x1f8 .pio/build/mik32v2/libhal_peripherals.a(mik32_hal_gpio.o)
 .debug_abbrev  0x000056df      0x115 .pio/build/mik32v2/libhal_peripherals.a(mik32_hal_irq.o)
 .debug_abbrev  0x000057f4      0x234 .pio/build/mik32v2/libhal_peripherals.a(mik32_hal_pcc.o)
 .debug_abbrev  0x00005a28      0x36e .pio/build/mik32v2/libhal_peripherals.a(mik32_hal_timer16.o)

.debug_loclists
                0x00000000     0x5a9b
 .debug_loclists
                0x00000000       0x2b .pio/build/mik32v2/src/main.o
 .debug_loclists
                0x0000002b       0x68 .pio/build/mik32v2/lib3e7/libgrbl.a(coolant_control.o)
 .debug_loclists
                0x00000093      0x14b .pio/build/mik32v2/lib3e7/libgrbl.a(eeprom.o)
 .debug_loclists
                0x000001de      0x884 .pio/build/mik32v2/lib3e7/libgrbl.a(gcode.o)
 .debug_loclists
                0x00000a62       0x6f .pio/build/mik32v2/lib3e7/libgrbl.a(jog.o)
 .debug_loclists
                0x00000ad1      0x22f .pio/build/mik32v2/lib3e7/libgrbl.a(limits.o)
 .debug_loclists
                0x00000d00      0x62a .pio/build/mik32v2/lib3e7/libgrbl.a(motion_control.o)
 .debug_loclists
                0x0000132a      0x56a .pio/build/mik32v2/lib3e7/libgrbl.a(nuts_bolts.o)
 .debug_loclists
                0x00001894      0x4a3 .pio/build/mik32v2/lib3e7/libgrbl.a(planner.o)
 .debug_loclists
                0x00001d37       0x16 .pio/build/mik32v2/lib3e7/libgrbl.a(probe.o)
 .debug_loclists
                0x00001d4d      0x1bc .pio/build/mik32v2/lib3e7/libgrbl.a(protocol.o)
 .debug_loclists
                0x00001f09      0x8ec .pio/build/mik32v2/lib3e7/libgrbl.a(report.o)
 .debug_loclists
                0x000027f5       0xbf .pio/build/mik32v2/lib3e7/libgrbl.a(serial.o)
 .debug_loclists
                0x000028b4      0x3d0 .pio/build/mik32v2/lib3e7/libgrbl.a(settings.o)
 .debug_loclists
                0x00002c84      0x17e .pio/build/mik32v2/lib3e7/libgrbl.a(spindle_control.o)
 .debug_loclists
                0x00002e02      0x477 .pio/build/mik32v2/lib3e7/libgrbl.a(stepper.o)
 .debug_loclists
                0x00003279      0x421 .pio/build/mik32v2/lib3e7/libgrbl.a(system.o)
 .debug_loclists
                0x0000369a      0x300 .pio/build/mik32v2/lib3e7/libgrbl.a(print.o)
 .debug_loclists
                0x0000399a      0x2cd .pio/build/mik32v2/libs.a(uart_lib.o)
 .debug_loclists
                0x00003c67      0x736 .pio/build/mik32v2/libs.a(xprintf.o)
 .debug_loclists
                0x0000439d      0x122 .pio/build/mik32v2/libhal_peripherals.a(mik32_hal.o)
 .debug_loclists
                0x000044bf      0x45e .pio/build/mik32v2/libhal_peripherals.a(mik32_hal_eeprom.o)
 .debug_loclists
                0x0000491d      0x324 .pio/build/mik32v2/libhal_peripherals.a(mik32_hal_gpio.o)
 .debug_loclists
                0x00004c41      0x4a1 .pio/build/mik32v2/libhal_peripherals.a(mik32_hal_pcc.o)
 .debug_loclists
                0x000050e2      0x9b9 .pio/build/mik32v2/libhal_peripherals.a(mik32_hal_timer16.o)

.debug_aranges  0x00000000      0xb58
 .debug_aranges
                0x00000000       0x30 .pio/build/mik32v2/src/main.o
 .debug_aranges
                0x00000030       0x40 .pio/build/mik32v2/lib3e7/libgrbl.a(coolant_control.o)
 .debug_aranges
                0x00000070       0x48 .pio/build/mik32v2/lib3e7/libgrbl.a(eeprom.o)
 .debug_aranges
                0x000000b8       0x30 .pio/build/mik32v2/lib3e7/libgrbl.a(gcode.o)
 .debug_aranges
                0x000000e8       0x20 .pio/build/mik32v2/lib3e7/libgrbl.a(jog.o)
 .debug_aranges
                0x00000108       0x48 .pio/build/mik32v2/lib3e7/libgrbl.a(limits.o)
 .debug_aranges
                0x00000150       0x48 .pio/build/mik32v2/lib3e7/libgrbl.a(motion_control.o)
 .debug_aranges
                0x00000198       0x98 .pio/build/mik32v2/lib3e7/libgrbl.a(nuts_bolts.o)
 .debug_aranges
                0x00000230       0x98 .pio/build/mik32v2/lib3e7/libgrbl.a(planner.o)
 .debug_aranges
                0x000002c8       0x38 .pio/build/mik32v2/lib3e7/libgrbl.a(probe.o)
 .debug_aranges
                0x00000300       0x40 .pio/build/mik32v2/lib3e7/libgrbl.a(protocol.o)
 .debug_aranges
                0x00000340       0xb8 .pio/build/mik32v2/lib3e7/libgrbl.a(report.o)
 .debug_aranges
                0x000003f8       0x48 .pio/build/mik32v2/lib3e7/libgrbl.a(serial.o)
 .debug_aranges
                0x00000440       0x88 .pio/build/mik32v2/lib3e7/libgrbl.a(settings.o)
 .debug_aranges
                0x000004c8       0x50 .pio/build/mik32v2/lib3e7/libgrbl.a(spindle_control.o)
 .debug_aranges
                0x00000518       0x68 .pio/build/mik32v2/lib3e7/libgrbl.a(stepper.o)
 .debug_aranges
                0x00000580       0xa8 .pio/build/mik32v2/lib3e7/libgrbl.a(system.o)
 .debug_aranges
                0x00000628       0x68 .pio/build/mik32v2/lib3e7/libgrbl.a(print.o)
 .debug_aranges
                0x00000690       0x28 .pio/build/mik32v2/libruntime.a(crt0.o)
 .debug_aranges
                0x000006b8       0x88 .pio/build/mik32v2/libs.a(uart_lib.o)
 .debug_aranges
                0x00000740       0x70 .pio/build/mik32v2/libs.a(xprintf.o)
 .debug_aranges
                0x000007b0       0x58 .pio/build/mik32v2/libhal_peripherals.a(mik32_hal.o)
 .debug_aranges
                0x00000808       0x60 .pio/build/mik32v2/libhal_peripherals.a(mik32_hal_eeprom.o)
 .debug_aranges
                0x00000868       0x68 .pio/build/mik32v2/libhal_peripherals.a(mik32_hal_gpio.o)
 .debug_aranges
                0x000008d0       0x58 .pio/build/mik32v2/libhal_peripherals.a(mik32_hal_irq.o)
 .debug_aranges
                0x00000928       0x70 .pio/build/mik32v2/libhal_peripherals.a(mik32_hal_pcc.o)
 .debug_aranges
                0x00000998      0x1c0 .pio/build/mik32v2/libhal_peripherals.a(mik32_hal_timer16.o)

.debug_rnglists
                0x00000000      0xbf4
 .debug_rnglists
                0x00000000       0x21 .pio/build/mik32v2/src/main.o
 .debug_rnglists
                0x00000021       0x2b .pio/build/mik32v2/lib3e7/libgrbl.a(coolant_control.o)
 .debug_rnglists
                0x0000004c       0x43 .pio/build/mik32v2/lib3e7/libgrbl.a(eeprom.o)
 .debug_rnglists
                0x0000008f       0x61 .pio/build/mik32v2/lib3e7/libgrbl.a(gcode.o)
 .debug_rnglists
                0x000000f0       0x14 .pio/build/mik32v2/lib3e7/libgrbl.a(jog.o)
 .debug_rnglists
                0x00000104       0x4c .pio/build/mik32v2/lib3e7/libgrbl.a(limits.o)
 .debug_rnglists
                0x00000150       0x82 .pio/build/mik32v2/lib3e7/libgrbl.a(motion_control.o)
 .debug_rnglists
                0x000001d2       0xa3 .pio/build/mik32v2/lib3e7/libgrbl.a(nuts_bolts.o)
 .debug_rnglists
                0x00000275      0x109 .pio/build/mik32v2/lib3e7/libgrbl.a(planner.o)
 .debug_rnglists
                0x0000037e       0x31 .pio/build/mik32v2/lib3e7/libgrbl.a(probe.o)
 .debug_rnglists
                0x000003af       0x63 .pio/build/mik32v2/lib3e7/libgrbl.a(protocol.o)
 .debug_rnglists
                0x00000412       0xc9 .pio/build/mik32v2/lib3e7/libgrbl.a(report.o)
 .debug_rnglists
                0x000004db       0x32 .pio/build/mik32v2/lib3e7/libgrbl.a(serial.o)
 .debug_rnglists
                0x0000050d       0x84 .pio/build/mik32v2/lib3e7/libgrbl.a(settings.o)
 .debug_rnglists
                0x00000591       0x51 .pio/build/mik32v2/lib3e7/libgrbl.a(spindle_control.o)
 .debug_rnglists
                0x000005e2       0xdb .pio/build/mik32v2/lib3e7/libgrbl.a(stepper.o)
 .debug_rnglists
                0x000006bd       0x86 .pio/build/mik32v2/lib3e7/libgrbl.a(system.o)
 .debug_rnglists
                0x00000743       0x4a .pio/build/mik32v2/lib3e7/libgrbl.a(print.o)
 .debug_rnglists
                0x0000078d       0x1b .pio/build/mik32v2/libruntime.a(crt0.o)
 .debug_rnglists
                0x000007a8       0x6d .pio/build/mik32v2/libs.a(uart_lib.o)
 .debug_rnglists
                0x00000815       0x53 .pio/build/mik32v2/libs.a(xprintf.o)
 .debug_rnglists
                0x00000868       0x3d .pio/build/mik32v2/libhal_peripherals.a(mik32_hal.o)
 .debug_rnglists
                0x000008a5       0xbf .pio/build/mik32v2/libhal_peripherals.a(mik32_hal_eeprom.o)
 .debug_rnglists
                0x00000964       0x4b .pio/build/mik32v2/libhal_peripherals.a(mik32_hal_gpio.o)
 .debug_rnglists
                0x000009af       0x3d .pio/build/mik32v2/libhal_peripherals.a(mik32_hal_irq.o)
 .debug_rnglists
                0x000009ec       0x9c .pio/build/mik32v2/libhal_peripherals.a(mik32_hal_pcc.o)
 .debug_rnglists
                0x00000a88      0x16c .pio/build/mik32v2/libhal_peripherals.a(mik32_hal_timer16.o)

.debug_macro    0x00000000     0xc334
 .debug_macro   0x00000000      0x52e .pio/build/mik32v2/src/main.o
 .debug_macro   0x0000052e      0x90a .pio/build/mik32v2/src/main.o
 .debug_macro   0x00000e38       0x2e .pio/build/mik32v2/src/main.o
 .debug_macro   0x00000e66      0x178 .pio/build/mik32v2/src/main.o
 .debug_macro   0x00000fde       0x22 .pio/build/mik32v2/src/main.o
 .debug_macro   0x00001000       0x68 .pio/build/mik32v2/src/main.o
 .debug_macro   0x00001068       0x19 .pio/build/mik32v2/src/main.o
 .debug_macro   0x00001081       0x94 .pio/build/mik32v2/src/main.o
 .debug_macro   0x00001115       0x3b .pio/build/mik32v2/src/main.o
 .debug_macro   0x00001150      0x103 .pio/build/mik32v2/src/main.o
 .debug_macro   0x00001253       0x3a .pio/build/mik32v2/src/main.o
 .debug_macro   0x0000128d       0x1c .pio/build/mik32v2/src/main.o
 .debug_macro   0x000012a9       0x57 .pio/build/mik32v2/src/main.o
 .debug_macro   0x00001300       0x6a .pio/build/mik32v2/src/main.o
 .debug_macro   0x0000136a      0x1df .pio/build/mik32v2/src/main.o
 .debug_macro   0x00001549       0x89 .pio/build/mik32v2/src/main.o
 .debug_macro   0x000015d2      0x4cc .pio/build/mik32v2/src/main.o
 .debug_macro   0x00001a9e      0x1e4 .pio/build/mik32v2/src/main.o
 .debug_macro   0x00001c82       0x16 .pio/build/mik32v2/src/main.o
 .debug_macro   0x00001c98      0x505 .pio/build/mik32v2/src/main.o
 .debug_macro   0x0000219d       0x1c .pio/build/mik32v2/src/main.o
 .debug_macro   0x000021b9      0x1cb .pio/build/mik32v2/src/main.o
 .debug_macro   0x00002384       0x16 .pio/build/mik32v2/src/main.o
 .debug_macro   0x0000239a       0x34 .pio/build/mik32v2/src/main.o
 .debug_macro   0x000023ce       0x1c .pio/build/mik32v2/src/main.o
 .debug_macro   0x000023ea       0x6a .pio/build/mik32v2/src/main.o
 .debug_macro   0x00002454      0x1a2 .pio/build/mik32v2/src/main.o
 .debug_macro   0x000025f6       0x16 .pio/build/mik32v2/src/main.o
 .debug_macro   0x0000260c      0x16c .pio/build/mik32v2/src/main.o
 .debug_macro   0x00002778       0x4f .pio/build/mik32v2/src/main.o
 .debug_macro   0x000027c7       0xfa .pio/build/mik32v2/src/main.o
 .debug_macro   0x000028c1       0x16 .pio/build/mik32v2/src/main.o
 .debug_macro   0x000028d7       0x40 .pio/build/mik32v2/src/main.o
 .debug_macro   0x00002917       0xee .pio/build/mik32v2/src/main.o
 .debug_macro   0x00002a05      0x1c4 .pio/build/mik32v2/src/main.o
 .debug_macro   0x00002bc9      0x2bc .pio/build/mik32v2/src/main.o
 .debug_macro   0x00002e85       0x4c .pio/build/mik32v2/src/main.o
 .debug_macro   0x00002ed1      0x327 .pio/build/mik32v2/src/main.o
 .debug_macro   0x000031f8       0x51 .pio/build/mik32v2/src/main.o
 .debug_macro   0x00003249      0x1f2 .pio/build/mik32v2/src/main.o
 .debug_macro   0x0000343b       0xcf .pio/build/mik32v2/src/main.o
 .debug_macro   0x0000350a      0x103 .pio/build/mik32v2/src/main.o
 .debug_macro   0x0000360d      0x329 .pio/build/mik32v2/src/main.o
 .debug_macro   0x00003936       0x18 .pio/build/mik32v2/src/main.o
 .debug_macro   0x0000394e      0x120 .pio/build/mik32v2/src/main.o
 .debug_macro   0x00003a6e       0x16 .pio/build/mik32v2/src/main.o
 .debug_macro   0x00003a84       0x4a .pio/build/mik32v2/src/main.o
 .debug_macro   0x00003ace       0x34 .pio/build/mik32v2/src/main.o
 .debug_macro   0x00003b02       0x10 .pio/build/mik32v2/src/main.o
 .debug_macro   0x00003b12       0x58 .pio/build/mik32v2/src/main.o
 .debug_macro   0x00003b6a      0x1de .pio/build/mik32v2/src/main.o
 .debug_macro   0x00003d48      0x38c .pio/build/mik32v2/src/main.o
 .debug_macro   0x000040d4      0x194 .pio/build/mik32v2/src/main.o
 .debug_macro   0x00004268       0x10 .pio/build/mik32v2/src/main.o
 .debug_macro   0x00004278       0x16 .pio/build/mik32v2/src/main.o
 .debug_macro   0x0000428e       0x3c .pio/build/mik32v2/src/main.o
 .debug_macro   0x000042ca       0x16 .pio/build/mik32v2/src/main.o
 .debug_macro   0x000042e0       0x29 .pio/build/mik32v2/src/main.o
 .debug_macro   0x00004309       0x10 .pio/build/mik32v2/src/main.o
 .debug_macro   0x00004319       0xef .pio/build/mik32v2/src/main.o
 .debug_macro   0x00004408       0x16 .pio/build/mik32v2/src/main.o
 .debug_macro   0x0000441e       0x1c .pio/build/mik32v2/src/main.o
 .debug_macro   0x0000443a       0x4f .pio/build/mik32v2/src/main.o
 .debug_macro   0x00004489       0x6a .pio/build/mik32v2/src/main.o
 .debug_macro   0x000044f3       0x25 .pio/build/mik32v2/src/main.o
 .debug_macro   0x00004518       0x18 .pio/build/mik32v2/src/main.o
 .debug_macro   0x00004530       0x27 .pio/build/mik32v2/src/main.o
 .debug_macro   0x00004557       0x28 .pio/build/mik32v2/src/main.o
 .debug_macro   0x0000457f       0x2e .pio/build/mik32v2/src/main.o
 .debug_macro   0x000045ad       0x1f .pio/build/mik32v2/src/main.o
 .debug_macro   0x000045cc       0x88 .pio/build/mik32v2/src/main.o
 .debug_macro   0x00004654       0x19 .pio/build/mik32v2/src/main.o
 .debug_macro   0x0000466d      0x126 .pio/build/mik32v2/src/main.o
 .debug_macro   0x00004793       0x11 .pio/build/mik32v2/src/main.o
 .debug_macro   0x000047a4       0x17 .pio/build/mik32v2/src/main.o
 .debug_macro   0x000047bb       0x17 .pio/build/mik32v2/src/main.o
 .debug_macro   0x000047d2       0x17 .pio/build/mik32v2/src/main.o
 .debug_macro   0x000047e9       0x17 .pio/build/mik32v2/src/main.o
 .debug_macro   0x00004800       0x17 .pio/build/mik32v2/src/main.o
 .debug_macro   0x00004817       0x17 .pio/build/mik32v2/src/main.o
 .debug_macro   0x0000482e       0x16 .pio/build/mik32v2/src/main.o
 .debug_macro   0x00004844       0xf0 .pio/build/mik32v2/src/main.o
 .debug_macro   0x00004934      0x2a7 .pio/build/mik32v2/src/main.o
 .debug_macro   0x00004bdb       0x88 .pio/build/mik32v2/src/main.o
 .debug_macro   0x00004c63      0x106 .pio/build/mik32v2/src/main.o
 .debug_macro   0x00004d69      0x190 .pio/build/mik32v2/src/main.o
 .debug_macro   0x00004ef9      0x148 .pio/build/mik32v2/src/main.o
 .debug_macro   0x00005041      0x173 .pio/build/mik32v2/src/main.o
 .debug_macro   0x000051b4       0x5e .pio/build/mik32v2/src/main.o
 .debug_macro   0x00005212       0x28 .pio/build/mik32v2/src/main.o
 .debug_macro   0x0000523a      0x26f .pio/build/mik32v2/src/main.o
 .debug_macro   0x000054a9       0x2e .pio/build/mik32v2/src/main.o
 .debug_macro   0x000054d7       0x16 .pio/build/mik32v2/src/main.o
 .debug_macro   0x000054ed       0x10 .pio/build/mik32v2/src/main.o
 .debug_macro   0x000054fd      0x1a2 .pio/build/mik32v2/src/main.o
 .debug_macro   0x0000569f       0x1c .pio/build/mik32v2/src/main.o
 .debug_macro   0x000056bb       0x28 .pio/build/mik32v2/src/main.o
 .debug_macro   0x000056e3       0x10 .pio/build/mik32v2/src/main.o
 .debug_macro   0x000056f3       0x10 .pio/build/mik32v2/src/main.o
 .debug_macro   0x00005703      0x52e .pio/build/mik32v2/lib3e7/libgrbl.a(coolant_control.o)
 .debug_macro   0x00005c31      0x550 .pio/build/mik32v2/lib3e7/libgrbl.a(eeprom.o)
 .debug_macro   0x00006181       0x8e .pio/build/mik32v2/lib3e7/libgrbl.a(eeprom.o)
 .debug_macro   0x0000620f       0x51 .pio/build/mik32v2/lib3e7/libgrbl.a(eeprom.o)
 .debug_macro   0x00006260       0x6e .pio/build/mik32v2/lib3e7/libgrbl.a(eeprom.o)
 .debug_macro   0x000062ce      0x558 .pio/build/mik32v2/lib3e7/libgrbl.a(gcode.o)
 .debug_macro   0x00006826      0x52e .pio/build/mik32v2/lib3e7/libgrbl.a(jog.o)
 .debug_macro   0x00006d54      0x53a .pio/build/mik32v2/lib3e7/libgrbl.a(limits.o)
 .debug_macro   0x0000728e      0x52e .pio/build/mik32v2/lib3e7/libgrbl.a(motion_control.o)
 .debug_macro   0x000077bc      0x534 .pio/build/mik32v2/lib3e7/libgrbl.a(nuts_bolts.o)
 .debug_macro   0x00007cf0      0x52e .pio/build/mik32v2/lib3e7/libgrbl.a(planner.o)
 .debug_macro   0x0000821e      0x52e .pio/build/mik32v2/lib3e7/libgrbl.a(probe.o)
 .debug_macro   0x0000874c      0x534 .pio/build/mik32v2/lib3e7/libgrbl.a(protocol.o)
 .debug_macro   0x00008c80      0x55c .pio/build/mik32v2/lib3e7/libgrbl.a(report.o)
 .debug_macro   0x000091dc       0x58 .pio/build/mik32v2/lib3e7/libgrbl.a(report.o)
 .debug_macro   0x00009234       0x1c .pio/build/mik32v2/lib3e7/libgrbl.a(report.o)
 .debug_macro   0x00009250       0x1c .pio/build/mik32v2/lib3e7/libgrbl.a(report.o)
 .debug_macro   0x0000926c       0x16 .pio/build/mik32v2/lib3e7/libgrbl.a(report.o)
 .debug_macro   0x00009282      0x138 .pio/build/mik32v2/lib3e7/libgrbl.a(report.o)
 .debug_macro   0x000093ba      0x53a .pio/build/mik32v2/lib3e7/libgrbl.a(serial.o)
 .debug_macro   0x000098f4      0x52e .pio/build/mik32v2/lib3e7/libgrbl.a(settings.o)
 .debug_macro   0x00009e22      0x52e .pio/build/mik32v2/lib3e7/libgrbl.a(spindle_control.o)
 .debug_macro   0x0000a350      0x582 .pio/build/mik32v2/lib3e7/libgrbl.a(stepper.o)
 .debug_macro   0x0000a8d2      0x52e .pio/build/mik32v2/lib3e7/libgrbl.a(system.o)
 .debug_macro   0x0000ae00      0x52e .pio/build/mik32v2/lib3e7/libgrbl.a(print.o)
 .debug_macro   0x0000b32e      0x13b .pio/build/mik32v2/libs.a(uart_lib.o)
 .debug_macro   0x0000b469      0x7c0 .pio/build/mik32v2/libs.a(uart_lib.o)
 .debug_macro   0x0000bc29       0x3a .pio/build/mik32v2/libs.a(uart_lib.o)
 .debug_macro   0x0000bc63       0x22 .pio/build/mik32v2/libs.a(uart_lib.o)
 .debug_macro   0x0000bc85       0x23 .pio/build/mik32v2/libs.a(xprintf.o)
 .debug_macro   0x0000bca8       0xf5 .pio/build/mik32v2/libhal_peripherals.a(mik32_hal.o)
 .debug_macro   0x0000bd9d       0xe2 .pio/build/mik32v2/libhal_peripherals.a(mik32_hal_eeprom.o)
 .debug_macro   0x0000be7f      0x11f .pio/build/mik32v2/libhal_peripherals.a(mik32_hal_gpio.o)
 .debug_macro   0x0000bf9e       0xf1 .pio/build/mik32v2/libhal_peripherals.a(mik32_hal_irq.o)
 .debug_macro   0x0000c08f       0xf5 .pio/build/mik32v2/libhal_peripherals.a(mik32_hal_pcc.o)
 .debug_macro   0x0000c184      0x16a .pio/build/mik32v2/libhal_peripherals.a(mik32_hal_timer16.o)
 .debug_macro   0x0000c2ee       0x46 .pio/build/mik32v2/libhal_peripherals.a(mik32_hal_timer16.o)

.debug_line     0x00000000    0x1735f
 .debug_line    0x00000000      0x814 .pio/build/mik32v2/src/main.o
 .debug_line    0x00000814      0x4d8 .pio/build/mik32v2/lib3e7/libgrbl.a(coolant_control.o)
 .debug_line    0x00000cec      0x559 .pio/build/mik32v2/lib3e7/libgrbl.a(eeprom.o)
 .debug_line    0x00001245     0x266b .pio/build/mik32v2/lib3e7/libgrbl.a(gcode.o)
 .debug_line    0x000038b0      0x3e7 .pio/build/mik32v2/lib3e7/libgrbl.a(jog.o)
 .debug_line    0x00003c97      0xd53 .pio/build/mik32v2/lib3e7/libgrbl.a(limits.o)
 .debug_line    0x000049ea      0xffc .pio/build/mik32v2/lib3e7/libgrbl.a(motion_control.o)
 .debug_line    0x000059e6      0xcfb .pio/build/mik32v2/lib3e7/libgrbl.a(nuts_bolts.o)
 .debug_line    0x000066e1     0x149d .pio/build/mik32v2/lib3e7/libgrbl.a(planner.o)
 .debug_line    0x00007b7e      0x476 .pio/build/mik32v2/lib3e7/libgrbl.a(probe.o)
 .debug_line    0x00007ff4     0x1546 .pio/build/mik32v2/lib3e7/libgrbl.a(protocol.o)
 .debug_line    0x0000953a     0x26b4 .pio/build/mik32v2/lib3e7/libgrbl.a(report.o)
 .debug_line    0x0000bbee      0x8f8 .pio/build/mik32v2/lib3e7/libgrbl.a(serial.o)
 .debug_line    0x0000c4e6     0x121a .pio/build/mik32v2/lib3e7/libgrbl.a(settings.o)
 .debug_line    0x0000d700      0x7cc .pio/build/mik32v2/lib3e7/libgrbl.a(spindle_control.o)
 .debug_line    0x0000decc     0x1ce7 .pio/build/mik32v2/lib3e7/libgrbl.a(stepper.o)
 .debug_line    0x0000fbb3      0xfd7 .pio/build/mik32v2/lib3e7/libgrbl.a(system.o)
 .debug_line    0x00010b8a      0xa38 .pio/build/mik32v2/lib3e7/libgrbl.a(print.o)
 .debug_line    0x000115c2      0x116 .pio/build/mik32v2/libruntime.a(crt0.o)
 .debug_line    0x000116d8      0x65a .pio/build/mik32v2/libs.a(uart_lib.o)
 .debug_line    0x00011d32     0x118c .pio/build/mik32v2/libs.a(xprintf.o)
 .debug_line    0x00012ebe      0x2bc .pio/build/mik32v2/libhal_peripherals.a(mik32_hal.o)
 .debug_line    0x0001317a      0x969 .pio/build/mik32v2/libhal_peripherals.a(mik32_hal_eeprom.o)
 .debug_line    0x00013ae3      0x819 .pio/build/mik32v2/libhal_peripherals.a(mik32_hal_gpio.o)
 .debug_line    0x000142fc      0x276 .pio/build/mik32v2/libhal_peripherals.a(mik32_hal_irq.o)
 .debug_line    0x00014572      0xa84 .pio/build/mik32v2/libhal_peripherals.a(mik32_hal_pcc.o)
 .debug_line    0x00014ff6     0x2369 .pio/build/mik32v2/libhal_peripherals.a(mik32_hal_timer16.o)

.debug_str      0x00000000    0x22997
 .debug_str     0x00000000    0x22997 .pio/build/mik32v2/src/main.o
                              0x1cad8 (size before relaxing)
 .debug_str     0x00022997    0x1c8db .pio/build/mik32v2/lib3e7/libgrbl.a(coolant_control.o)
 .debug_str     0x00022997    0x1cc21 .pio/build/mik32v2/lib3e7/libgrbl.a(eeprom.o)
 .debug_str     0x00022997    0x1ce09 .pio/build/mik32v2/lib3e7/libgrbl.a(gcode.o)
 .debug_str     0x00022997    0x1c8b2 .pio/build/mik32v2/lib3e7/libgrbl.a(jog.o)
 .debug_str     0x00022997    0x1dd95 .pio/build/mik32v2/lib3e7/libgrbl.a(limits.o)
 .debug_str     0x00022997    0x1cd1a .pio/build/mik32v2/lib3e7/libgrbl.a(motion_control.o)
 .debug_str     0x00022997    0x1de3c .pio/build/mik32v2/lib3e7/libgrbl.a(nuts_bolts.o)
 .debug_str     0x00022997    0x1cd8f .pio/build/mik32v2/lib3e7/libgrbl.a(planner.o)
 .debug_str     0x00022997    0x1c8bd .pio/build/mik32v2/lib3e7/libgrbl.a(probe.o)
 .debug_str     0x00022997    0x1cf83 .pio/build/mik32v2/lib3e7/libgrbl.a(protocol.o)
 .debug_str     0x00022997    0x1d541 .pio/build/mik32v2/lib3e7/libgrbl.a(report.o)
 .debug_str     0x00022997    0x1c87a .pio/build/mik32v2/lib3e7/libgrbl.a(serial.o)
 .debug_str     0x00022997    0x1cbe3 .pio/build/mik32v2/lib3e7/libgrbl.a(settings.o)
 .debug_str     0x00022997    0x1cb15 .pio/build/mik32v2/lib3e7/libgrbl.a(spindle_control.o)
 .debug_str     0x00022997    0x1db8b .pio/build/mik32v2/lib3e7/libgrbl.a(stepper.o)
 .debug_str     0x00022997    0x1cf15 .pio/build/mik32v2/lib3e7/libgrbl.a(system.o)
 .debug_str     0x00022997    0x1c736 .pio/build/mik32v2/lib3e7/libgrbl.a(print.o)
 .debug_str     0x00022997       0x79 .pio/build/mik32v2/libruntime.a(crt0.o)
 .debug_str     0x00022997     0xaee3 .pio/build/mik32v2/libs.a(uart_lib.o)
 .debug_str     0x00022997     0x2b0d .pio/build/mik32v2/libs.a(xprintf.o)
 .debug_str     0x00022997     0x9688 .pio/build/mik32v2/libhal_peripherals.a(mik32_hal.o)
 .debug_str     0x00022997     0x8481 .pio/build/mik32v2/libhal_peripherals.a(mik32_hal_eeprom.o)
 .debug_str     0x00022997     0xaeef .pio/build/mik32v2/libhal_peripherals.a(mik32_hal_gpio.o)
 .debug_str     0x00022997     0x84d5 .pio/build/mik32v2/libhal_peripherals.a(mik32_hal_irq.o)
 .debug_str     0x00022997     0x9c1a .pio/build/mik32v2/libhal_peripherals.a(mik32_hal_pcc.o)
 .debug_str     0x00022997     0xdfbe .pio/build/mik32v2/libhal_peripherals.a(mik32_hal_timer16.o)

.debug_line_str
                0x00000000      0xfb8
 .debug_line_str
                0x00000000      0xfb8 .pio/build/mik32v2/src/main.o
                                0xb11 (size before relaxing)
 .debug_line_str
                0x00000fb8      0xb37 .pio/build/mik32v2/lib3e7/libgrbl.a(coolant_control.o)
 .debug_line_str
                0x00000fb8      0xb24 .pio/build/mik32v2/lib3e7/libgrbl.a(eeprom.o)
 .debug_line_str
                0x00000fb8      0xb19 .pio/build/mik32v2/lib3e7/libgrbl.a(gcode.o)
 .debug_line_str
                0x00000fb8      0xb13 .pio/build/mik32v2/lib3e7/libgrbl.a(jog.o)
 .debug_line_str
                0x00000fb8      0xb1c .pio/build/mik32v2/lib3e7/libgrbl.a(limits.o)
 .debug_line_str
                0x00000fb8      0xb34 .pio/build/mik32v2/lib3e7/libgrbl.a(motion_control.o)
 .debug_line_str
                0x00000fb8      0xb28 .pio/build/mik32v2/lib3e7/libgrbl.a(nuts_bolts.o)
 .debug_line_str
                0x00000fb8      0xb1f .pio/build/mik32v2/lib3e7/libgrbl.a(planner.o)
 .debug_line_str
                0x00000fb8      0xb19 .pio/build/mik32v2/lib3e7/libgrbl.a(probe.o)
 .debug_line_str
                0x00000fb8      0xb22 .pio/build/mik32v2/lib3e7/libgrbl.a(protocol.o)
 .debug_line_str
                0x00000fb8      0xb35 .pio/build/mik32v2/lib3e7/libgrbl.a(report.o)
 .debug_line_str
                0x00000fb8      0xb1c .pio/build/mik32v2/lib3e7/libgrbl.a(serial.o)
 .debug_line_str
                0x00000fb8      0xb22 .pio/build/mik32v2/lib3e7/libgrbl.a(settings.o)
 .debug_line_str
                0x00000fb8      0xb37 .pio/build/mik32v2/lib3e7/libgrbl.a(spindle_control.o)
 .debug_line_str
                0x00000fb8      0xb1f .pio/build/mik32v2/lib3e7/libgrbl.a(stepper.o)
 .debug_line_str
                0x00000fb8      0xb1c .pio/build/mik32v2/lib3e7/libgrbl.a(system.o)
 .debug_line_str
                0x00000fb8      0xb19 .pio/build/mik32v2/lib3e7/libgrbl.a(print.o)
 .debug_line_str
                0x00000fb8       0x6d .pio/build/mik32v2/libruntime.a(crt0.o)
 .debug_line_str
                0x00000fb8      0x446 .pio/build/mik32v2/libs.a(uart_lib.o)
 .debug_line_str
                0x00000fb8      0x15b .pio/build/mik32v2/libs.a(xprintf.o)
 .debug_line_str
                0x00000fb8      0x413 .pio/build/mik32v2/libhal_peripherals.a(mik32_hal.o)
 .debug_line_str
                0x00000fb8      0x41f .pio/build/mik32v2/libhal_peripherals.a(mik32_hal_eeprom.o)
 .debug_line_str
                0x00000fb8      0x452 .pio/build/mik32v2/libhal_peripherals.a(mik32_hal_gpio.o)
 .debug_line_str
                0x00000fb8      0x415 .pio/build/mik32v2/libhal_peripherals.a(mik32_hal_irq.o)
 .debug_line_str
                0x00000fb8      0x41f .pio/build/mik32v2/libhal_peripherals.a(mik32_hal_pcc.o)
 .debug_line_str
                0x00000fb8      0x4b4 .pio/build/mik32v2/libhal_peripherals.a(mik32_hal_timer16.o)

.comment        0x00000000       0x33
 .comment       0x00000000       0x33 .pio/build/mik32v2/src/main.o
                                 0x34 (size before relaxing)
 .comment       0x00000033       0x34 .pio/build/mik32v2/lib3e7/libgrbl.a(coolant_control.o)
 .comment       0x00000033       0x34 .pio/build/mik32v2/lib3e7/libgrbl.a(eeprom.o)
 .comment       0x00000033       0x34 .pio/build/mik32v2/lib3e7/libgrbl.a(gcode.o)
 .comment       0x00000033       0x34 .pio/build/mik32v2/lib3e7/libgrbl.a(jog.o)
 .comment       0x00000033       0x34 .pio/build/mik32v2/lib3e7/libgrbl.a(limits.o)
 .comment       0x00000033       0x34 .pio/build/mik32v2/lib3e7/libgrbl.a(motion_control.o)
 .comment       0x00000033       0x34 .pio/build/mik32v2/lib3e7/libgrbl.a(nuts_bolts.o)
 .comment       0x00000033       0x34 .pio/build/mik32v2/lib3e7/libgrbl.a(planner.o)
 .comment       0x00000033       0x34 .pio/build/mik32v2/lib3e7/libgrbl.a(probe.o)
 .comment       0x00000033       0x34 .pio/build/mik32v2/lib3e7/libgrbl.a(protocol.o)
 .comment       0x00000033       0x34 .pio/build/mik32v2/lib3e7/libgrbl.a(report.o)
 .comment       0x00000033       0x34 .pio/build/mik32v2/lib3e7/libgrbl.a(serial.o)
 .comment       0x00000033       0x34 .pio/build/mik32v2/lib3e7/libgrbl.a(settings.o)
 .comment       0x00000033       0x34 .pio/build/mik32v2/lib3e7/libgrbl.a(spindle_control.o)
 .comment       0x00000033       0x34 .pio/build/mik32v2/lib3e7/libgrbl.a(stepper.o)
 .comment       0x00000033       0x34 .pio/build/mik32v2/lib3e7/libgrbl.a(system.o)
 .comment       0x00000033       0x34 .pio/build/mik32v2/lib3e7/libgrbl.a(print.o)
 .comment       0x00000033       0x34 .pio/build/mik32v2/libs.a(uart_lib.o)
 .comment       0x00000033       0x34 .pio/build/mik32v2/libs.a(xprintf.o)
 .comment       0x00000033       0x34 .pio/build/mik32v2/libhal_peripherals.a(mik32_hal.o)
 .comment       0x00000033       0x34 .pio/build/mik32v2/libhal_peripherals.a(mik32_hal_eeprom.o)
 .comment       0x00000033       0x34 .pio/build/mik32v2/libhal_peripherals.a(mik32_hal_gpio.o)
 .comment       0x00000033       0x34 .pio/build/mik32v2/libhal_peripherals.a(mik32_hal_irq.o)
 .comment       0x00000033       0x34 .pio/build/mik32v2/libhal_peripherals.a(mik32_hal_pcc.o)
 .comment       0x00000033       0x34 .pio/build/mik32v2/libhal_peripherals.a(mik32_hal_timer16.o)
 .comment       0x00000033       0x34 /home/vitasan/.platformio/packages/toolchain-riscv/bin/../lib/gcc/riscv-none-elf/13.2.0/../../../../riscv-none-elf/lib/rv32imc/ilp32/libm.a(libm_a-wf_atan2.o)
 .comment       0x00000033       0x34 /home/vitasan/.platformio/packages/toolchain-riscv/bin/../lib/gcc/riscv-none-elf/13.2.0/../../../../riscv-none-elf/lib/rv32imc/ilp32/libm.a(libm_a-wf_sqrt.o)
 .comment       0x00000033       0x34 /home/vitasan/.platformio/packages/toolchain-riscv/bin/../lib/gcc/riscv-none-elf/13.2.0/../../../../riscv-none-elf/lib/rv32imc/ilp32/libm.a(libm_a-sf_ceil.o)
 .comment       0x00000033       0x34 /home/vitasan/.platformio/packages/toolchain-riscv/bin/../lib/gcc/riscv-none-elf/13.2.0/../../../../riscv-none-elf/lib/rv32imc/ilp32/libm.a(libm_a-sf_cos.o)
 .comment       0x00000033       0x34 /home/vitasan/.platformio/packages/toolchain-riscv/bin/../lib/gcc/riscv-none-elf/13.2.0/../../../../riscv-none-elf/lib/rv32imc/ilp32/libm.a(libm_a-sf_floor.o)
 .comment       0x00000033       0x34 /home/vitasan/.platformio/packages/toolchain-riscv/bin/../lib/gcc/riscv-none-elf/13.2.0/../../../../riscv-none-elf/lib/rv32imc/ilp32/libm.a(libm_a-sf_sin.o)
 .comment       0x00000033       0x34 /home/vitasan/.platformio/packages/toolchain-riscv/bin/../lib/gcc/riscv-none-elf/13.2.0/../../../../riscv-none-elf/lib/rv32imc/ilp32/libm.a(libm_a-s_round.o)
 .comment       0x00000033       0x34 /home/vitasan/.platformio/packages/toolchain-riscv/bin/../lib/gcc/riscv-none-elf/13.2.0/../../../../riscv-none-elf/lib/rv32imc/ilp32/libm.a(libm_a-s_trunc.o)
 .comment       0x00000033       0x34 /home/vitasan/.platformio/packages/toolchain-riscv/bin/../lib/gcc/riscv-none-elf/13.2.0/../../../../riscv-none-elf/lib/rv32imc/ilp32/libm.a(libm_a-ef_sqrt.o)
 .comment       0x00000033       0x34 /home/vitasan/.platformio/packages/toolchain-riscv/bin/../lib/gcc/riscv-none-elf/13.2.0/../../../../riscv-none-elf/lib/rv32imc/ilp32/libm.a(libm_a-s_fmin.o)
 .comment       0x00000033       0x34 /home/vitasan/.platformio/packages/toolchain-riscv/bin/../lib/gcc/riscv-none-elf/13.2.0/../../../../riscv-none-elf/lib/rv32imc/ilp32/libm.a(libm_a-s_fpclassify.o)
 .comment       0x00000033       0x34 /home/vitasan/.platformio/packages/toolchain-riscv/bin/../lib/gcc/riscv-none-elf/13.2.0/../../../../riscv-none-elf/lib/rv32imc/ilp32/libm.a(libm_a-s_lround.o)
 .comment       0x00000033       0x34 /home/vitasan/.platformio/packages/toolchain-riscv/bin/../lib/gcc/riscv-none-elf/13.2.0/../../../../riscv-none-elf/lib/rv32imc/ilp32/libm.a(libm_a-kf_cos.o)
 .comment       0x00000033       0x34 /home/vitasan/.platformio/packages/toolchain-riscv/bin/../lib/gcc/riscv-none-elf/13.2.0/../../../../riscv-none-elf/lib/rv32imc/ilp32/libm.a(libm_a-kf_sin.o)
 .comment       0x00000033       0x34 /home/vitasan/.platformio/packages/toolchain-riscv/bin/../lib/gcc/riscv-none-elf/13.2.0/../../../../riscv-none-elf/lib/rv32imc/ilp32/libm.a(libm_a-ef_atan2.o)
 .comment       0x00000033       0x34 /home/vitasan/.platformio/packages/toolchain-riscv/bin/../lib/gcc/riscv-none-elf/13.2.0/../../../../riscv-none-elf/lib/rv32imc/ilp32/libm.a(libm_a-ef_rem_pio2.o)
 .comment       0x00000033       0x34 /home/vitasan/.platformio/packages/toolchain-riscv/bin/../lib/gcc/riscv-none-elf/13.2.0/../../../../riscv-none-elf/lib/rv32imc/ilp32/libm.a(libm_a-sf_atan.o)
 .comment       0x00000033       0x34 /home/vitasan/.platformio/packages/toolchain-riscv/bin/../lib/gcc/riscv-none-elf/13.2.0/../../../../riscv-none-elf/lib/rv32imc/ilp32/libm.a(libm_a-sf_fabs.o)
 .comment       0x00000033       0x34 /home/vitasan/.platformio/packages/toolchain-riscv/bin/../lib/gcc/riscv-none-elf/13.2.0/../../../../riscv-none-elf/lib/rv32imc/ilp32/libm.a(libm_a-kf_rem_pio2.o)
 .comment       0x00000033       0x34 /home/vitasan/.platformio/packages/toolchain-riscv/bin/../lib/gcc/riscv-none-elf/13.2.0/../../../../riscv-none-elf/lib/rv32imc/ilp32/libm.a(libm_a-sf_scalbn.o)
 .comment       0x00000033       0x34 /home/vitasan/.platformio/packages/toolchain-riscv/bin/../lib/gcc/riscv-none-elf/13.2.0/../../../../riscv-none-elf/lib/rv32imc/ilp32/libc.a(libc_a-memcmp.o)